Archive member included to satisfy reference by file (symbol)

e:/28_clion/armbuilder/bin/../lib/gcc/arm-none-eabi/5.4.1/armv7-m\libgcc.a(_arm_addsubdf3.o)
                              CMakeFiles/0_Usart.elf.dir/BSP/bsp_mpu6050.c.obj (__aeabi_dadd)
e:/28_clion/armbuilder/bin/../lib/gcc/arm-none-eabi/5.4.1/armv7-m\libgcc.a(_arm_muldivdf3.o)
                              CMakeFiles/0_Usart.elf.dir/BSP/bsp_mpu6050.c.obj (__aeabi_dmul)
e:/28_clion/armbuilder/bin/../lib/gcc/arm-none-eabi/5.4.1/armv7-m\libgcc.a(_arm_fixdfsi.o)
                              CMakeFiles/0_Usart.elf.dir/Core/Src/freertos.c.obj (__aeabi_d2iz)
e:/28_clion/armbuilder/bin/../lib/gcc/arm-none-eabi/5.4.1/armv7-m\libgcc.a(_arm_truncdfsf2.o)
                              CMakeFiles/0_Usart.elf.dir/BSP/bsp_mpu6050.c.obj (__aeabi_d2f)
e:/28_clion/armbuilder/bin/../lib/gcc/arm-none-eabi/5.4.1/armv7-m\libgcc.a(_arm_addsubsf3.o)
                              CMakeFiles/0_Usart.elf.dir/BSP/bsp_inv_mpu.c.obj (__aeabi_fsub)
e:/28_clion/armbuilder/bin/../lib/gcc/arm-none-eabi/5.4.1/armv7-m\libgcc.a(_arm_muldivsf3.o)
                              CMakeFiles/0_Usart.elf.dir/BSP/bsp_inv_mpu.c.obj (__aeabi_fmul)
e:/28_clion/armbuilder/bin/../lib/gcc/arm-none-eabi/5.4.1/armv7-m\libgcc.a(_arm_cmpsf2.o)
                              CMakeFiles/0_Usart.elf.dir/BSP/bsp_inv_mpu.c.obj (__aeabi_fcmpeq)
e:/28_clion/armbuilder/bin/../lib/gcc/arm-none-eabi/5.4.1/armv7-m\libgcc.a(_arm_fixsfsi.o)
                              CMakeFiles/0_Usart.elf.dir/BSP/bsp_inv_mpu.c.obj (__aeabi_f2iz)
e:/28_clion/armbuilder/bin/../lib/gcc/arm-none-eabi/5.4.1/armv7-m\libgcc.a(_arm_fixunssfsi.o)
                              CMakeFiles/0_Usart.elf.dir/BSP/bsp_inv_mpu_dmp_motion_driver.c.obj (__aeabi_f2uiz)
e:/28_clion/armbuilder/bin/../lib/gcc/arm-none-eabi/5.4.1/armv7-m\libgcc.a(_aeabi_ldivmod.o)
                              CMakeFiles/0_Usart.elf.dir/BSP/bsp_inv_mpu.c.obj (__aeabi_ldivmod)
e:/28_clion/armbuilder/bin/../lib/gcc/arm-none-eabi/5.4.1/armv7-m\libgcc.a(_udivmoddi4.o)
                              e:/28_clion/armbuilder/bin/../lib/gcc/arm-none-eabi/5.4.1/armv7-m\libgcc.a(_aeabi_ldivmod.o) (__udivmoddi4)
e:/28_clion/armbuilder/bin/../lib/gcc/arm-none-eabi/5.4.1/armv7-m\libgcc.a(_dvmd_tls.o)
                              e:/28_clion/armbuilder/bin/../lib/gcc/arm-none-eabi/5.4.1/armv7-m\libgcc.a(_aeabi_ldivmod.o) (__aeabi_ldiv0)
e:/28_clion/armbuilder/bin/../lib/gcc/arm-none-eabi/5.4.1/../../../../arm-none-eabi/lib/armv7-m\libg_nano.a(lib_a-errno.o)
                              CMakeFiles/0_Usart.elf.dir/Core/Src/retarget.c.obj (__errno)
e:/28_clion/armbuilder/bin/../lib/gcc/arm-none-eabi/5.4.1/../../../../arm-none-eabi/lib/armv7-m\libg_nano.a(lib_a-exit.o)
                              e:/28_clion/armbuilder/bin/../lib/gcc/arm-none-eabi/5.4.1/../../../../arm-none-eabi/lib/armv7-m/crt0.o (exit)
e:/28_clion/armbuilder/bin/../lib/gcc/arm-none-eabi/5.4.1/../../../../arm-none-eabi/lib/armv7-m\libg_nano.a(lib_a-impure.o)
                              e:/28_clion/armbuilder/bin/../lib/gcc/arm-none-eabi/5.4.1/../../../../arm-none-eabi/lib/armv7-m\libg_nano.a(lib_a-exit.o) (_global_impure_ptr)
e:/28_clion/armbuilder/bin/../lib/gcc/arm-none-eabi/5.4.1/../../../../arm-none-eabi/lib/armv7-m\libg_nano.a(lib_a-init.o)
                              e:/28_clion/armbuilder/bin/../lib/gcc/arm-none-eabi/5.4.1/../../../../arm-none-eabi/lib/armv7-m/crt0.o (__libc_init_array)
e:/28_clion/armbuilder/bin/../lib/gcc/arm-none-eabi/5.4.1/../../../../arm-none-eabi/lib/armv7-m\libg_nano.a(lib_a-memcmp.o)
                              CMakeFiles/0_Usart.elf.dir/BSP/bsp_inv_mpu.c.obj (memcmp)
e:/28_clion/armbuilder/bin/../lib/gcc/arm-none-eabi/5.4.1/../../../../arm-none-eabi/lib/armv7-m\libg_nano.a(lib_a-memcpy-stub.o)
                              CMakeFiles/0_Usart.elf.dir/Middlewares/Third_Party/FreeRTOS/Source/queue.c.obj (memcpy)
e:/28_clion/armbuilder/bin/../lib/gcc/arm-none-eabi/5.4.1/../../../../arm-none-eabi/lib/armv7-m\libg_nano.a(lib_a-memset.o)
                              e:/28_clion/armbuilder/bin/../lib/gcc/arm-none-eabi/5.4.1/../../../../arm-none-eabi/lib/armv7-m/crt0.o (memset)
e:/28_clion/armbuilder/bin/../lib/gcc/arm-none-eabi/5.4.1/../../../../arm-none-eabi/lib/armv7-m\libg_nano.a(lib_a-printf.o)
                              CMakeFiles/0_Usart.elf.dir/BSP/bsp_inv_mpu.c.obj (printf)
e:/28_clion/armbuilder/bin/../lib/gcc/arm-none-eabi/5.4.1/../../../../arm-none-eabi/lib/armv7-m\libg_nano.a(lib_a-putchar.o)
                              CMakeFiles/0_Usart.elf.dir/BSP/disp.c.obj (putchar)
e:/28_clion/armbuilder/bin/../lib/gcc/arm-none-eabi/5.4.1/../../../../arm-none-eabi/lib/armv7-m\libg_nano.a(lib_a-puts.o)
                              CMakeFiles/0_Usart.elf.dir/BSP/bsp_inv_mpu.c.obj (puts)
e:/28_clion/armbuilder/bin/../lib/gcc/arm-none-eabi/5.4.1/../../../../arm-none-eabi/lib/armv7-m\libg_nano.a(lib_a-setvbuf.o)
[...]
Memory Configuration

Name             Origin             Length             Attributes
RAM              0x20000000         0x00005000         xrw
FLASH            0x08000000         0x00010000         xr
*default*        0x00000000         0xffffffff

Linker script and memory map

LOAD e:/28_clion/armbuilder/bin/../lib/gcc/arm-none-eabi/5.4.1/armv7-m/crti.o
LOAD e:/28_clion/armbuilder/bin/../lib/gcc/arm-none-eabi/5.4.1/armv7-m/crtbegin.o
LOAD e:/28_clion/armbuilder/bin/../lib/gcc/arm-none-eabi/5.4.1/../../../../arm-none-eabi/lib/armv7-m/crt0.o
LOAD CMakeFiles/0_Usart.elf.dir/BSP/bsp_delay.c.obj
LOAD CMakeFiles/0_Usart.elf.dir/BSP/bsp_iic.c.obj
LOAD CMakeFiles/0_Usart.elf.dir/BSP/bsp_inv_mpu.c.obj
LOAD CMakeFiles/0_Usart.elf.dir/BSP/bsp_inv_mpu_dmp_motion_driver.c.obj
LOAD CMakeFiles/0_Usart.elf.dir/BSP/bsp_mpu6050.c.obj
LOAD CMakeFiles/0_Usart.elf.dir/BSP/disp.c.obj
LOAD CMakeFiles/0_Usart.elf.dir/BSP/dsp_filter.c.obj
LOAD CMakeFiles/0_Usart.elf.dir/Core/Src/adc.c.obj
LOAD CMakeFiles/0_Usart.elf.dir/Core/Src/freertos.c.obj
LOAD CMakeFiles/0_Usart.elf.dir/Core/Src/gpio.c.obj
LOAD CMakeFiles/0_Usart.elf.dir/Core/Src/main.c.obj
LOAD CMakeFiles/0_Usart.elf.dir/Core/Src/retarget.c.obj
LOAD CMakeFiles/0_Usart.elf.dir/Core/Src/stm32f1xx_hal_msp.c.obj
LOAD CMakeFiles/0_Usart.elf.dir/Core/Src/stm32f1xx_hal_timebase_tim.c.obj
LOAD CMakeFiles/0_Usart.elf.dir/Core/Src/stm32f1xx_it.c.obj
LOAD CMakeFiles/0_Usart.elf.dir/Core/Src/syscalls.c.obj
LOAD CMakeFiles/0_Usart.elf.dir/Core/Src/system_stm32f1xx.c.obj
LOAD CMakeFiles/0_Usart.elf.dir/Core/Src/tim.c.obj
LOAD CMakeFiles/0_Usart.elf.dir/Core/Src/usart.c.obj
LOAD CMakeFiles/0_Usart.elf.dir/Drivers/STM32F1xx_HAL_Driver/Src/stm32f1xx_hal.c.obj
LOAD CMakeFiles/0_Usart.elf.dir/Drivers/STM32F1xx_HAL_Driver/Src/stm32f1xx_hal_adc.c.obj
LOAD CMakeFiles/0_Usart.elf.dir/Drivers/STM32F1xx_HAL_Driver/Src/stm32f1xx_hal_adc_ex.c.obj
LOAD CMakeFiles/0_Usart.elf.dir/Drivers/STM32F1xx_HAL_Driver/Src/stm32f1xx_hal_cortex.c.obj
LOAD CMakeFiles/0_Usart.elf.dir/Drivers/STM32F1xx_HAL_Driver/Src/stm32f1xx_hal_dma.c.obj
LOAD CMakeFiles/0_Usart.elf.dir/Drivers/STM32F1xx_HAL_Driver/Src/stm32f1xx_hal_exti.c.obj
LOAD CMakeFiles/0_Usart.elf.dir/Drivers/STM32F1xx_HAL_Driver/Src/stm32f1xx_hal_flash.c.obj
LOAD CMakeFiles/0_Usart.elf.dir/Drivers/STM32F1xx_HAL_Driver/Src/stm32f1xx_hal_flash_ex.c.obj
LOAD CMakeFiles/0_Usart.elf.dir/Drivers/STM32F1xx_HAL_Driver/Src/stm32f1xx_hal_gpio.c.obj
LOAD CMakeFiles/0_Usart.elf.dir/Drivers/STM32F1xx_HAL_Driver/Src/stm32f1xx_hal_gpio_ex.c.obj
LOAD CMakeFiles/0_Usart.elf.dir/Drivers/STM32F1xx_HAL_Driver/Src/stm32f1xx_hal_pwr.c.obj
LOAD CMakeFiles/0_Usart.elf.dir/Drivers/STM32F1xx_HAL_Driver/Src/stm32f1xx_hal_rcc.c.obj
LOAD CMakeFiles/0_Usart.elf.dir/Drivers/STM32F1xx_HAL_Driver/Src/stm32f1xx_hal_rcc_ex.c.obj
LOAD CMakeFiles/0_Usart.elf.dir/Drivers/STM32F1xx_HAL_Driver/Src/stm32f1xx_hal_tim.c.obj
LOAD CMakeFiles/0_Usart.elf.dir/Drivers/STM32F1xx_HAL_Driver/Src/stm32f1xx_hal_tim_ex.c.obj
LOAD CMakeFiles/0_Usart.elf.dir/Drivers/STM32F1xx_HAL_Driver/Src/stm32f1xx_hal_uart.c.obj
LOAD CMakeFiles/0_Usart.elf.dir/Middlewares/Third_Party/FreeRTOS/Source/CMSIS_RTOS/cmsis_os.c.obj
LOAD CMakeFiles/0_Usart.elf.dir/Middlewares/Third_Party/FreeRTOS/Source/croutine.c.obj
LOAD CMakeFiles/0_Usart.elf.dir/Middlewares/Third_Party/FreeRTOS/Source/event_groups.c.obj
LOAD CMakeFiles/0_Usart.elf.dir/Middlewares/Third_Party/FreeRTOS/Source/list.c.obj
LOAD CMakeFiles/0_Usart.elf.dir/Middlewares/Third_Party/FreeRTOS/Source/portable/GCC/ARM_CM3/port.c.obj
LOAD CMakeFiles/0_Usart.elf.dir/Middlewares/Third_Party/FreeRTOS/Source/portable/MemMang/heap_4.c.obj
LOAD CMakeFiles/0_Usart.elf.dir/Middlewares/Third_Party/FreeRTOS/Source/queue.c.obj
LOAD CMakeFiles/0_Usart.elf.dir/Middlewares/Third_Party/FreeRTOS/Source/stream_buffer.c.obj
LOAD CMakeFiles/0_Usart.elf.dir/Middlewares/Third_Party/FreeRTOS/Source/tasks.c.obj
LOAD CMakeFiles/0_Usart.elf.dir/Middlewares/Third_Party/FreeRTOS/Source/timers.c.obj
LOAD CMakeFiles/0_Usart.elf.dir/startup/startup_stm32f103xb.s.obj
START GROUP
LOAD e:/28_clion/armbuilder/bin/../lib/gcc/arm-none-eabi/5.4.1/armv7-m\libgcc.a
LOAD e:/28_clion/armbuilder/bin/../lib/gcc/arm-none-eabi/5.4.1/../../../../arm-none-eabi/lib/armv7-m\libg_nano.a
LOAD e:/28_clion/armbuilder/bin/../lib/gcc/arm-none-eabi/5.4.1/../../../../arm-none-eabi/lib/armv7-m\libc_nano.a
END GROUP
START GROUP
LOAD e:/28_clion/armbuilder/bin/../lib/gcc/arm-none-eabi/5.4.1/armv7-m\libgcc.a
LOAD e:/28_clion/armbuilder/bin/../lib/gcc/arm-none-eabi/5.4.1/../../../../arm-none-eabi/lib/armv7-m\libc_nano.a
LOAD e:/28_clion/armbuilder/bin/../lib/gcc/arm-none-eabi/5.4.1/../../../../arm-none-eabi/lib/armv7-m\libnosys.a
END GROUP
START GROUP
LOAD e:/28_clion/armbuilder/bin/../lib/gcc/arm-none-eabi/5.4.1/armv7-m\libgcc.a
LOAD e:/28_clion/armbuilder/bin/../lib/gcc/arm-none-eabi/5.4.1/../../../../arm-none-eabi/lib/armv7-m\libc_nano.a
LOAD e:/28_clion/armbuilder/bin/../lib/gcc/arm-none-eabi/5.4.1/../../../../arm-none-eabi/lib/armv7-m\libnosys.a
END GROUP
LOAD e:/28_clion/armbuilder/bin/../lib/gcc/arm-none-eabi/5.4.1/armv7-m/crtend.o
LOAD e:/28_clion/armbuilder/bin/../lib/gcc/arm-none-eabi/5.4.1/armv7-m/crtn.o
                0x20005000                _estack = 0x20005000
                0x00000200                _Min_Heap_Size = 0x200
                0x00000400                _Min_Stack_Size = 0x400

.isr_vector     0x08000000      0x10c
                0x08000000                . = ALIGN (0x4)
 *(.isr_vector)
 .isr_vector    0x08000000      0x10c CMakeFiles/0_Usart.elf.dir/startup/startup_stm32f103xb.s.obj
                0x08000000                g_pfnVectors
                0x0800010c                . = ALIGN (0x4)

.text           0x08000110     0xd6ac
                0x08000110                . = ALIGN (0x4)
 *(.text)
 .text          0x08000110       0x5c e:/28_clion/armbuilder/bin/../lib/gcc/arm-none-eabi/5.4.1/armv7-m/crtbegin.o
 .text          0x0800016c      0x370 e:/28_clion/armbuilder/bin/../lib/gcc/arm-none-eabi/5.4.1/armv7-m\libgcc.a(_arm_addsubdf3.o)
                0x0800016c                __aeabi_drsub
                0x08000174                __aeabi_dsub
                0x08000174                __subdf3
                0x08000178                __aeabi_dadd
                0x08000178                __adddf3
                0x080003f0                __floatunsidf
                0x080003f0                __aeabi_ui2d
                0x08000410                __floatsidf
                0x08000410                __aeabi_i2d
                0x08000434                __aeabi_f2d
                0x08000434                __extendsfdf2
                0x08000470                __floatundidf
                0x08000470                __aeabi_ul2d
                0x08000480                __floatdidf
                0x08000480                __aeabi_l2d
 .text          0x080004dc      0x424 e:/28_clion/armbuilder/bin/../lib/gcc/arm-none-eabi/5.4.1/armv7-m\libgcc.a(_arm_muldivdf3.o)
                0x080004dc                __aeabi_dmul
                0x080004dc                __muldf3
                0x08000730                __divdf3
                0x08000730                __aeabi_ddiv
 .text          0x08000900       0x50 e:/28_clion/armbuilder/bin/../lib/gcc/arm-none-eabi/5.4.1/armv7-m\libgcc.a(_arm_fixdfsi.o)
                0x08000900                __aeabi_d2iz
                0x08000900                __fixdfsi
 .text          0x08000950       0xa0 e:/28_clion/armbuilder/bin/../lib/gcc/arm-none-eabi/5.4.1/armv7-m\libgcc.a(_arm_truncdfsf2.o)
                0x08000950                __truncdfsf2
                0x08000950                __aeabi_d2f
 .text          0x080009f0      0x21c e:/28_clion/armbuilder/bin/../lib/gcc/arm-none-eabi/5.4.1/armv7-m\libgcc.a(_arm_addsubsf3.o)
                0x080009f0                __aeabi_frsub
                0x080009f8                __subsf3
                0x080009f8                __aeabi_fsub
                0x080009fc                __aeabi_fadd
                0x080009fc                __addsf3
                0x08000b5c                __aeabi_ui2f
                0x08000b5c                __floatunsisf
                0x08000b64                __aeabi_i2f
                0x08000b64                __floatsisf
                0x08000b80                __aeabi_ul2f
                0x08000b80                __floatundisf
                0x08000b90                __aeabi_l2f
                0x08000b90                __floatdisf
 .text          0x08000c0c      0x2a0 e:/28_clion/armbuilder/bin/../lib/gcc/arm-none-eabi/5.4.1/armv7-m\libgcc.a(_arm_muldivsf3.o)
                0x08000c0c                __mulsf3
                0x08000c0c                __aeabi_fmul
                0x08000d74                __aeabi_fdiv
                0x08000d74                __divsf3
 .text          0x08000eac       0xec e:/28_clion/armbuilder/bin/../lib/gcc/arm-none-eabi/5.4.1/armv7-m\libgcc.a(_arm_cmpsf2.o)
                0x08000eac                __gesf2
                0x08000eac                __gtsf2
                0x08000eb4                __lesf2
                0x08000eb4                __ltsf2
                0x08000ebc                __nesf2
                0x08000ebc                __eqsf2
                0x08000ebc                __cmpsf2
                0x08000f1c                __aeabi_cfrcmple
                0x08000f24                __aeabi_cfcmpeq
                0x08000f24                __aeabi_cfcmple
                0x08000f34                __aeabi_fcmpeq
                0x08000f48                __aeabi_fcmplt
                0x08000f5c                __aeabi_fcmple
                0x08000f70                __aeabi_fcmpge
                0x08000f84                __aeabi_fcmpgt
 .text          0x08000f98       0x4c e:/28_clion/armbuilder/bin/../lib/gcc/arm-none-eabi/5.4.1/armv7-m\libgcc.a(_arm_fixsfsi.o)
                0x08000f98                __aeabi_f2iz
                0x08000f98                __fixsfsi
 .text          0x08000fe4       0x40 e:/28_clion/armbuilder/bin/../lib/gcc/arm-none-eabi/5.4.1/armv7-m\libgcc.a(_arm_fixunssfsi.o)
                0x08000fe4                __fixunssfsi
                0x08000fe4                __aeabi_f2uiz
 .text          0x08001024       0xa0 e:/28_clion/armbuilder/bin/../lib/gcc/arm-none-eabi/5.4.1/armv7-m\libgcc.a(_aeabi_ldivmod.o)
                0x08001024                __aeabi_ldivmod
 .text          0x080010c4      0x2ec e:/28_clion/armbuilder/bin/../lib/gcc/arm-none-eabi/5.4.1/armv7-m\libgcc.a(_udivmoddi4.o)
                0x080010c4                __udivmoddi4
 .text          0x080013b0        0x4 e:/28_clion/armbuilder/bin/../lib/gcc/arm-none-eabi/5.4.1/armv7-m\libgcc.a(_dvmd_tls.o)
                0x080013b0                __aeabi_idiv0
                0x080013b0                __aeabi_ldiv0
 .text          0x080013b4      0x110 e:/28_clion/armbuilder/bin/../lib/gcc/arm-none-eabi/5.4.1/armv7-m\libgcc.a(_arm_cmpdf2.o)
                0x080013b4                __gtdf2
                0x080013b4                __gedf2
                0x080013bc                __ltdf2
                0x080013bc                __ledf2
                0x080013c4                __nedf2
                0x080013c4                __eqdf2
                0x080013c4                __cmpdf2
                0x08001440                __aeabi_cdrcmple
                0x08001450                __aeabi_cdcmpeq
                0x08001450                __aeabi_cdcmple
                0x08001460                __aeabi_dcmpeq
                0x08001474                __aeabi_dcmplt
                0x08001488                __aeabi_dcmple
                0x0800149c                __aeabi_dcmpge
                0x080014b0                __aeabi_dcmpgt
 .text          0x080014c4       0x2c e:/28_clion/armbuilder/bin/../lib/gcc/arm-none-eabi/5.4.1/armv7-m\libgcc.a(_arm_unorddf2.o)
                0x080014c4                __unorddf2
                0x080014c4                __aeabi_dcmpun
 *(.text*)
 .text.delay_init
                0x080014f0       0x34 CMakeFiles/0_Usart.elf.dir/BSP/bsp_delay.c.obj
                0x080014f0                delay_init
 .text.delay_us
                0x08001524       0x94 CMakeFiles/0_Usart.elf.dir/BSP/bsp_delay.c.obj
                0x08001524                delay_us
 .text.delay_ms
                0x080015b8       0x90 CMakeFiles/0_Usart.elf.dir/BSP/bsp_delay.c.obj
                0x080015b8                delay_ms
 .text.IIC_Start
                0x08001648       0x70 CMakeFiles/0_Usart.elf.dir/BSP/bsp_iic.c.obj
                0x08001648                IIC_Start
 .text.IIC_Stop
                0x080016b8       0x50 CMakeFiles/0_Usart.elf.dir/BSP/bsp_iic.c.obj
                0x080016b8                IIC_Stop
 .text.IIC_Wait_Ack
                0x08001708       0x80 CMakeFiles/0_Usart.elf.dir/BSP/bsp_iic.c.obj
                0x08001708                IIC_Wait_Ack
 .text.IIC_Ack  0x08001788       0x50 CMakeFiles/0_Usart.elf.dir/BSP/bsp_iic.c.obj
                0x08001788                IIC_Ack
 .text.IIC_NAck
                0x080017d8       0x50 CMakeFiles/0_Usart.elf.dir/BSP/bsp_iic.c.obj
                0x080017d8                IIC_NAck
 .text.IIC_Send_Byte
                0x08001828       0x7c CMakeFiles/0_Usart.elf.dir/BSP/bsp_iic.c.obj
                0x08001828                IIC_Send_Byte
 .text.i2cWrite
                0x080018a4       0x90 CMakeFiles/0_Usart.elf.dir/BSP/bsp_iic.c.obj
                0x080018a4                i2cWrite
 .text.i2cRead  0x08001934       0xac CMakeFiles/0_Usart.elf.dir/BSP/bsp_iic.c.obj
                0x08001934                i2cRead
 .text.IIC_Read_Byte
                0x080019e0       0x8c CMakeFiles/0_Usart.elf.dir/BSP/bsp_iic.c.obj
                0x080019e0                IIC_Read_Byte
 .text.I2C_ReadOneByte
                0x08001a6c       0x70 CMakeFiles/0_Usart.elf.dir/BSP/bsp_iic.c.obj
                0x08001a6c                I2C_ReadOneByte
 .text.IICwriteBytes
                0x08001adc       0x68 CMakeFiles/0_Usart.elf.dir/BSP/bsp_iic.c.obj
                0x08001adc                IICwriteBytes
 .text.IICreadByte
                0x08001b44       0x30 CMakeFiles/0_Usart.elf.dir/BSP/bsp_iic.c.obj
                0x08001b44                IICreadByte
 .text.IICwriteByte
                0x08001b74       0x28 CMakeFiles/0_Usart.elf.dir/BSP/bsp_iic.c.obj
                0x08001b74                IICwriteByte
 .text.IICwriteBits
                0x08001b9c       0xac CMakeFiles/0_Usart.elf.dir/BSP/bsp_iic.c.obj
                0x08001b9c                IICwriteBits
 .text.IICwriteBit
                0x08001c48       0x78 CMakeFiles/0_Usart.elf.dir/BSP/bsp_iic.c.obj
                0x08001c48                IICwriteBit
 .text.set_int_enable
                0x08001cc0       0xb4 CMakeFiles/0_Usart.elf.dir/BSP/bsp_inv_mpu.c.obj
 .text.mpu_init
                0x08001d74      0x228 CMakeFiles/0_Usart.elf.dir/BSP/bsp_inv_mpu.c.obj
                0x08001d74                mpu_init
 .text.mpu_lp_accel_mode
                0x08001f9c       0xf8 CMakeFiles/0_Usart.elf.dir/BSP/bsp_inv_mpu.c.obj
                0x08001f9c                mpu_lp_accel_mode
 .text.mpu_reset_fifo
                0x08002094      0x1fc CMakeFiles/0_Usart.elf.dir/BSP/bsp_inv_mpu.c.obj
                0x08002094                mpu_reset_fifo
 .text.mpu_get_gyro_fsr
                0x08002290       0x68 CMakeFiles/0_Usart.elf.dir/BSP/bsp_inv_mpu.c.obj
                0x08002290                mpu_get_gyro_fsr
 .text.mpu_set_gyro_fsr
                0x080022f8       0xa4 CMakeFiles/0_Usart.elf.dir/BSP/bsp_inv_mpu.c.obj
                0x080022f8                mpu_set_gyro_fsr
 .text.mpu_get_accel_fsr
                0x0800239c       0x74 CMakeFiles/0_Usart.elf.dir/BSP/bsp_inv_mpu.c.obj
                0x0800239c                mpu_get_accel_fsr
 .text.mpu_set_accel_fsr
                0x08002410       0xd0 CMakeFiles/0_Usart.elf.dir/BSP/bsp_inv_mpu.c.obj
                0x08002410                mpu_set_accel_fsr
 .text.mpu_get_lpf
                0x080024e0       0x78 CMakeFiles/0_Usart.elf.dir/BSP/bsp_inv_mpu.c.obj
                0x080024e0                mpu_get_lpf
 .text.mpu_set_lpf
                0x08002558       0x9c CMakeFiles/0_Usart.elf.dir/BSP/bsp_inv_mpu.c.obj
                0x08002558                mpu_set_lpf
 .text.mpu_get_sample_rate
                0x080025f4       0x30 CMakeFiles/0_Usart.elf.dir/BSP/bsp_inv_mpu.c.obj
                0x080025f4                mpu_get_sample_rate
 .text.mpu_set_sample_rate
                0x08002624       0xcc CMakeFiles/0_Usart.elf.dir/BSP/bsp_inv_mpu.c.obj
                0x08002624                mpu_set_sample_rate
 .text.mpu_get_gyro_sens
                0x080026f0       0x70 CMakeFiles/0_Usart.elf.dir/BSP/bsp_inv_mpu.c.obj
                0x080026f0                mpu_get_gyro_sens
 .text.mpu_get_accel_sens
                0x08002760       0x7c CMakeFiles/0_Usart.elf.dir/BSP/bsp_inv_mpu.c.obj
                0x08002760                mpu_get_accel_sens
 .text.mpu_get_fifo_config
                0x080027dc       0x20 CMakeFiles/0_Usart.elf.dir/BSP/bsp_inv_mpu.c.obj
                0x080027dc                mpu_get_fifo_config
 .text.mpu_configure_fifo
                0x080027fc       0xa4 CMakeFiles/0_Usart.elf.dir/BSP/bsp_inv_mpu.c.obj
                0x080027fc                mpu_configure_fifo
 .text.mpu_set_sensors
                0x080028a0      0x10c CMakeFiles/0_Usart.elf.dir/BSP/bsp_inv_mpu.c.obj
                0x080028a0                mpu_set_sensors
 .text.mpu_set_bypass
                0x080029ac      0x18c CMakeFiles/0_Usart.elf.dir/BSP/bsp_inv_mpu.c.obj
                0x080029ac                mpu_set_bypass
 .text.mpu_set_int_latched
                0x08002b38       0x88 CMakeFiles/0_Usart.elf.dir/BSP/bsp_inv_mpu.c.obj
                0x08002b38                mpu_set_int_latched
 .text.get_accel_prod_shift
                0x08002bc0      0x120 CMakeFiles/0_Usart.elf.dir/BSP/bsp_inv_mpu.c.obj
 .text.accel_self_test
                0x08002ce0      0x10c CMakeFiles/0_Usart.elf.dir/BSP/bsp_inv_mpu.c.obj
 .text.gyro_self_test
                0x08002dec      0x178 CMakeFiles/0_Usart.elf.dir/BSP/bsp_inv_mpu.c.obj
 .text.get_st_biases
                0x08002f64      0x638 CMakeFiles/0_Usart.elf.dir/BSP/bsp_inv_mpu.c.obj
 .text.mpu_run_self_test
                0x0800359c      0x1a4 CMakeFiles/0_Usart.elf.dir/BSP/bsp_inv_mpu.c.obj
                0x0800359c                mpu_run_self_test
 .text.mpu_write_mem
                0x08003740       0xa4 CMakeFiles/0_Usart.elf.dir/BSP/bsp_inv_mpu.c.obj
                0x08003740                mpu_write_mem
 .text.mpu_read_mem
                0x080037e4       0xa4 CMakeFiles/0_Usart.elf.dir/BSP/bsp_inv_mpu.c.obj
                0x080037e4                mpu_read_mem
 .text.mpu_load_firmware
                0x08003888       0xfc CMakeFiles/0_Usart.elf.dir/BSP/bsp_inv_mpu.c.obj
                0x08003888                mpu_load_firmware
 .text.mpu_set_dmp_state
                0x08003984       0xa8 CMakeFiles/0_Usart.elf.dir/BSP/bsp_inv_mpu.c.obj
                0x08003984                mpu_set_dmp_state
 .text.dmp_load_motion_driver_firmware
                0x08003a2c       0x20 CMakeFiles/0_Usart.elf.dir/BSP/bsp_inv_mpu_dmp_motion_driver.c.obj
                0x08003a2c                dmp_load_motion_driver_firmware
 .text.dmp_set_orientation
                0x08003a4c      0x1d4 CMakeFiles/0_Usart.elf.dir/BSP/bsp_inv_mpu_dmp_motion_driver.c.obj
                0x08003a4c                dmp_set_orientation
 .text.dmp_set_gyro_bias
                0x08003c20      0x1bc CMakeFiles/0_Usart.elf.dir/BSP/bsp_inv_mpu_dmp_motion_driver.c.obj
                0x08003c20                dmp_set_gyro_bias
 .text.dmp_set_accel_bias
                0x08003ddc      0x1ac CMakeFiles/0_Usart.elf.dir/BSP/bsp_inv_mpu_dmp_motion_driver.c.obj
                0x08003ddc                dmp_set_accel_bias
 .text.dmp_set_fifo_rate
                0x08003f88       0x94 CMakeFiles/0_Usart.elf.dir/BSP/bsp_inv_mpu_dmp_motion_driver.c.obj
                0x08003f88                dmp_set_fifo_rate
 .text.dmp_set_tap_thresh
                0x0800401c      0x254 CMakeFiles/0_Usart.elf.dir/BSP/bsp_inv_mpu_dmp_motion_driver.c.obj
                0x0800401c                dmp_set_tap_thresh
 .text.dmp_set_tap_axes
                0x08004270       0x64 CMakeFiles/0_Usart.elf.dir/BSP/bsp_inv_mpu_dmp_motion_driver.c.obj
                0x08004270                dmp_set_tap_axes
 .text.dmp_set_tap_count
                0x080042d4       0x44 CMakeFiles/0_Usart.elf.dir/BSP/bsp_inv_mpu_dmp_motion_driver.c.obj
                0x080042d4                dmp_set_tap_count
 .text.dmp_set_tap_time
                0x08004318       0x44 CMakeFiles/0_Usart.elf.dir/BSP/bsp_inv_mpu_dmp_motion_driver.c.obj
                0x08004318                dmp_set_tap_time
 .text.dmp_set_tap_time_multi
                0x0800435c       0x44 CMakeFiles/0_Usart.elf.dir/BSP/bsp_inv_mpu_dmp_motion_driver.c.obj
                0x0800435c                dmp_set_tap_time_multi
 .text.dmp_set_shake_reject_thresh
                0x080043a0       0x60 CMakeFiles/0_Usart.elf.dir/BSP/bsp_inv_mpu_dmp_motion_driver.c.obj
                0x080043a0                dmp_set_shake_reject_thresh
 .text.dmp_set_shake_reject_time
                0x08004400       0x44 CMakeFiles/0_Usart.elf.dir/BSP/bsp_inv_mpu_dmp_motion_driver.c.obj
                0x08004400                dmp_set_shake_reject_time
 .text.dmp_set_shake_reject_timeout
                0x08004444       0x44 CMakeFiles/0_Usart.elf.dir/BSP/bsp_inv_mpu_dmp_motion_driver.c.obj
                0x08004444                dmp_set_shake_reject_timeout
 .text.dmp_enable_feature
                0x08004488      0x250 CMakeFiles/0_Usart.elf.dir/BSP/bsp_inv_mpu_dmp_motion_driver.c.obj
                0x08004488                dmp_enable_feature
 .text.dmp_enable_gyro_cal
                0x080046d8       0x68 CMakeFiles/0_Usart.elf.dir/BSP/bsp_inv_mpu_dmp_motion_driver.c.obj
                0x080046d8                dmp_enable_gyro_cal
 .text.dmp_enable_lp_quat
                0x08004740       0x50 CMakeFiles/0_Usart.elf.dir/BSP/bsp_inv_mpu_dmp_motion_driver.c.obj
                0x08004740                dmp_enable_lp_quat
 .text.dmp_enable_6x_lp_quat
                0x08004790       0x50 CMakeFiles/0_Usart.elf.dir/BSP/bsp_inv_mpu_dmp_motion_driver.c.obj
                0x08004790                dmp_enable_6x_lp_quat
 .text.__NVIC_SystemReset
                0x080047e0       0x28 CMakeFiles/0_Usart.elf.dir/BSP/bsp_mpu6050.c.obj
 .text.inv_row_2_scale
                0x08004808       0x80 CMakeFiles/0_Usart.elf.dir/BSP/bsp_mpu6050.c.obj
 .text.inv_orientation_matrix_to_scalar
                0x08004888       0x50 CMakeFiles/0_Usart.elf.dir/BSP/bsp_mpu6050.c.obj
 .text.run_self_test
                0x080048d8       0xd4 CMakeFiles/0_Usart.elf.dir/BSP/bsp_mpu6050.c.obj
 .text.MPU6050_setClockSource
                0x080049ac       0x24 CMakeFiles/0_Usart.elf.dir/BSP/bsp_mpu6050.c.obj
                0x080049ac                MPU6050_setClockSource
 .text.MPU6050_setFullScaleGyroRange
                0x080049d0       0x24 CMakeFiles/0_Usart.elf.dir/BSP/bsp_mpu6050.c.obj
                0x080049d0                MPU6050_setFullScaleGyroRange
 .text.MPU6050_setFullScaleAccelRange
                0x080049f4       0x24 CMakeFiles/0_Usart.elf.dir/BSP/bsp_mpu6050.c.obj
                0x080049f4                MPU6050_setFullScaleAccelRange
 .text.MPU6050_setSleepEnabled
                0x08004a18       0x20 CMakeFiles/0_Usart.elf.dir/BSP/bsp_mpu6050.c.obj
                0x08004a18                MPU6050_setSleepEnabled
 .text.MPU6050_setI2CMasterModeEnabled
                0x08004a38       0x20 CMakeFiles/0_Usart.elf.dir/BSP/bsp_mpu6050.c.obj
                0x08004a38                MPU6050_setI2CMasterModeEnabled
 .text.MPU6050_setI2CBypassEnabled
                0x08004a58       0x20 CMakeFiles/0_Usart.elf.dir/BSP/bsp_mpu6050.c.obj
                0x08004a58                MPU6050_setI2CBypassEnabled
 .text.MPU6050_initialize
                0x08004a78       0x2c CMakeFiles/0_Usart.elf.dir/BSP/bsp_mpu6050.c.obj
                0x08004a78                MPU6050_initialize
 .text.DMP_Init
                0x08004aa4       0xf8 CMakeFiles/0_Usart.elf.dir/BSP/bsp_mpu6050.c.obj
                0x08004aa4                DMP_Init
 .text.Kalman_Filter
                0x08004b9c      0x368 CMakeFiles/0_Usart.elf.dir/BSP/dsp_filter.c.obj
                0x08004b9c                Kalman_Filter
 .text.MX_ADC1_Init
                0x08004f04       0x7c CMakeFiles/0_Usart.elf.dir/Core/Src/adc.c.obj
                0x08004f04                MX_ADC1_Init
 .text.HAL_ADC_MspInit
                0x08004f80       0x78 CMakeFiles/0_Usart.elf.dir/Core/Src/adc.c.obj
                0x08004f80                HAL_ADC_MspInit
 .text.vApplicationGetIdleTaskMemory
                0x08004ff8       0x30 CMakeFiles/0_Usart.elf.dir/Core/Src/freertos.c.obj
                0x08004ff8                vApplicationGetIdleTaskMemory
 .text.MX_FREERTOS_Init
                0x08005028       0x84 CMakeFiles/0_Usart.elf.dir/Core/Src/freertos.c.obj
                0x08005028                MX_FREERTOS_Init
 .text.Task50ms
                0x080050ac       0x10 CMakeFiles/0_Usart.elf.dir/Core/Src/freertos.c.obj
                0x080050ac                Task50ms
 .text.Task5ms  0x080050bc       0xec CMakeFiles/0_Usart.elf.dir/Core/Src/freertos.c.obj
                0x080050bc                Task5ms
 .text.Get_Angle
                0x080051a8      0x3a8 CMakeFiles/0_Usart.elf.dir/Core/Src/freertos.c.obj
                0x080051a8                Get_Angle
 .text.balance  0x08005550       0x64 CMakeFiles/0_Usart.elf.dir/Core/Src/freertos.c.obj
                0x08005550                balance
 .text.Set_Pwm  0x080055b4       0xa8 CMakeFiles/0_Usart.elf.dir/Core/Src/freertos.c.obj
                0x080055b4                Set_Pwm
 .text.myabs    0x0800565c       0x2c CMakeFiles/0_Usart.elf.dir/Core/Src/freertos.c.obj
                0x0800565c                myabs
 .text.HAL_UART_RxCpltCallback
                0x08005688       0x68 CMakeFiles/0_Usart.elf.dir/Core/Src/freertos.c.obj
                0x08005688                HAL_UART_RxCpltCallback
 .text.velocity
                0x080056f0      0x198 CMakeFiles/0_Usart.elf.dir/Core/Src/freertos.c.obj
                0x080056f0                velocity
 .text.Read_Encoder
                0x08005888       0x58 CMakeFiles/0_Usart.elf.dir/Core/Src/freertos.c.obj
                0x08005888                Read_Encoder
 .text.MX_GPIO_Init
                0x080058e0      0x11c CMakeFiles/0_Usart.elf.dir/Core/Src/gpio.c.obj
                0x080058e0                MX_GPIO_Init
 .text.main     0x080059fc       0xb4 CMakeFiles/0_Usart.elf.dir/Core/Src/main.c.obj
                0x080059fc                main
 .text.SystemClock_Config
                0x08005ab0       0xb8 CMakeFiles/0_Usart.elf.dir/Core/Src/main.c.obj
                0x08005ab0                SystemClock_Config
 .text.HAL_TIM_PeriodElapsedCallback
                0x08005b68       0x24 CMakeFiles/0_Usart.elf.dir/Core/Src/main.c.obj
                0x08005b68                HAL_TIM_PeriodElapsedCallback
 .text.Error_Handler
                0x08005b8c       0x14 CMakeFiles/0_Usart.elf.dir/Core/Src/main.c.obj
                0x08005b8c                Error_Handler
 .text.RetargetInit
                0x08005ba0       0x30 CMakeFiles/0_Usart.elf.dir/Core/Src/retarget.c.obj
                0x08005ba0                RetargetInit
 .text._isatty  0x08005bd0       0x2c CMakeFiles/0_Usart.elf.dir/Core/Src/retarget.c.obj
                0x08005bd0                _isatty
 .text._write   0x08005bfc       0x58 CMakeFiles/0_Usart.elf.dir/Core/Src/retarget.c.obj
                0x08005bfc                _write
 .text._close   0x08005c54       0x30 CMakeFiles/0_Usart.elf.dir/Core/Src/retarget.c.obj
                0x08005c54                _close
 .text._lseek   0x08005c84       0x24 CMakeFiles/0_Usart.elf.dir/Core/Src/retarget.c.obj
                0x08005c84                _lseek
 .text._read    0x08005ca8       0x50 CMakeFiles/0_Usart.elf.dir/Core/Src/retarget.c.obj
                0x08005ca8                _read
 .text._fstat   0x08005cf8       0x38 CMakeFiles/0_Usart.elf.dir/Core/Src/retarget.c.obj
                0x08005cf8                _fstat
 .text.HAL_MspInit
                0x08005d30       0x70 CMakeFiles/0_Usart.elf.dir/Core/Src/stm32f1xx_hal_msp.c.obj
                0x08005d30                HAL_MspInit
 .text.HAL_InitTick
                0x08005da0       0xb0 CMakeFiles/0_Usart.elf.dir/Core/Src/stm32f1xx_hal_timebase_tim.c.obj
                0x08005da0                HAL_InitTick
 .text.NMI_Handler
                0x08005e50       0x10 CMakeFiles/0_Usart.elf.dir/Core/Src/stm32f1xx_it.c.obj
                0x08005e50                NMI_Handler
 .text.HardFault_Handler
                0x08005e60       0x10 CMakeFiles/0_Usart.elf.dir/Core/Src/stm32f1xx_it.c.obj
                0x08005e60                HardFault_Handler
 .text.MemManage_Handler
                0x08005e70       0x10 CMakeFiles/0_Usart.elf.dir/Core/Src/stm32f1xx_it.c.obj
                0x08005e70                MemManage_Handler
 .text.BusFault_Handler
                0x08005e80       0x10 CMakeFiles/0_Usart.elf.dir/Core/Src/stm32f1xx_it.c.obj
                0x08005e80                BusFault_Handler
 .text.UsageFault_Handler
                0x08005e90       0x10 CMakeFiles/0_Usart.elf.dir/Core/Src/stm32f1xx_it.c.obj
                0x08005e90                UsageFault_Handler
 .text.DebugMon_Handler
                0x08005ea0       0x14 CMakeFiles/0_Usart.elf.dir/Core/Src/stm32f1xx_it.c.obj
                0x08005ea0                DebugMon_Handler
 .text.TIM2_IRQHandler
                0x08005eb4       0x14 CMakeFiles/0_Usart.elf.dir/Core/Src/stm32f1xx_it.c.obj
                0x08005eb4                TIM2_IRQHandler
 .text.TIM3_IRQHandler
                0x08005ec8       0x14 CMakeFiles/0_Usart.elf.dir/Core/Src/stm32f1xx_it.c.obj
                0x08005ec8                TIM3_IRQHandler
 .text.TIM4_IRQHandler
                0x08005edc       0x40 CMakeFiles/0_Usart.elf.dir/Core/Src/stm32f1xx_it.c.obj
                0x08005edc                TIM4_IRQHandler
 .text.USART1_IRQHandler
                0x08005f1c       0x1c CMakeFiles/0_Usart.elf.dir/Core/Src/stm32f1xx_it.c.obj
                0x08005f1c                USART1_IRQHandler
 .text._sbrk    0x08005f38       0x58 CMakeFiles/0_Usart.elf.dir/Core/Src/syscalls.c.obj
                0x08005f38                _sbrk
 .text.SystemInit
                0x08005f90        0xc CMakeFiles/0_Usart.elf.dir/Core/Src/system_stm32f1xx.c.obj
                0x08005f90                SystemInit
 .text.MX_TIM1_Init
                0x08005f9c      0x124 CMakeFiles/0_Usart.elf.dir/Core/Src/tim.c.obj
                0x08005f9c                MX_TIM1_Init
 .text.MX_TIM2_Init
                0x080060c0       0xa8 CMakeFiles/0_Usart.elf.dir/Core/Src/tim.c.obj
                0x080060c0                MX_TIM2_Init
 .text.MX_TIM4_Init
                0x08006168       0xa8 CMakeFiles/0_Usart.elf.dir/Core/Src/tim.c.obj
                0x08006168                MX_TIM4_Init
 .text.HAL_TIM_PWM_MspInit
                0x08006210       0x3c CMakeFiles/0_Usart.elf.dir/Core/Src/tim.c.obj
                0x08006210                HAL_TIM_PWM_MspInit
 .text.HAL_TIM_Encoder_MspInit
                0x0800624c       0xf4 CMakeFiles/0_Usart.elf.dir/Core/Src/tim.c.obj
                0x0800624c                HAL_TIM_Encoder_MspInit
 .text.HAL_TIM_MspPostInit
                0x08006340       0x68 CMakeFiles/0_Usart.elf.dir/Core/Src/tim.c.obj
                0x08006340                HAL_TIM_MspPostInit
 .text.MX_USART1_UART_Init
                0x080063a8       0x54 CMakeFiles/0_Usart.elf.dir/Core/Src/usart.c.obj
                0x080063a8                MX_USART1_UART_Init
 .text.HAL_UART_MspInit
                0x080063fc       0xa8 CMakeFiles/0_Usart.elf.dir/Core/Src/usart.c.obj
                0x080063fc                HAL_UART_MspInit
 .text.HAL_Init
                0x080064a4       0x2c CMakeFiles/0_Usart.elf.dir/Drivers/STM32F1xx_HAL_Driver/Src/stm32f1xx_hal.c.obj
                0x080064a4                HAL_Init
 .text.HAL_IncTick
                0x080064d0       0x24 CMakeFiles/0_Usart.elf.dir/Drivers/STM32F1xx_HAL_Driver/Src/stm32f1xx_hal.c.obj
                0x080064d0                HAL_IncTick
 .text.HAL_GetTick
                0x080064f4       0x14 CMakeFiles/0_Usart.elf.dir/Drivers/STM32F1xx_HAL_Driver/Src/stm32f1xx_hal.c.obj
                0x080064f4                HAL_GetTick
 .text.HAL_ADC_Init
                0x08006508      0x1b0 CMakeFiles/0_Usart.elf.dir/Drivers/STM32F1xx_HAL_Driver/Src/stm32f1xx_hal_adc.c.obj
                0x08006508                HAL_ADC_Init
 .text.HAL_ADC_Start
                0x080066b8      0x15c CMakeFiles/0_Usart.elf.dir/Drivers/STM32F1xx_HAL_Driver/Src/stm32f1xx_hal_adc.c.obj
                0x080066b8                HAL_ADC_Start
 .text.HAL_ADC_ConfigChannel
                0x08006814      0x1f0 CMakeFiles/0_Usart.elf.dir/Drivers/STM32F1xx_HAL_Driver/Src/stm32f1xx_hal_adc.c.obj
                0x08006814                HAL_ADC_ConfigChannel
 .text.ADC_Enable
                0x08006a04       0xa4 CMakeFiles/0_Usart.elf.dir/Drivers/STM32F1xx_HAL_Driver/Src/stm32f1xx_hal_adc.c.obj
                0x08006a04                ADC_Enable
 .text.ADC_ConversionStop_Disable
                0x08006aa8       0x74 CMakeFiles/0_Usart.elf.dir/Drivers/STM32F1xx_HAL_Driver/Src/stm32f1xx_hal_adc.c.obj
                0x08006aa8                ADC_ConversionStop_Disable
 .text.__NVIC_SetPriorityGrouping
                0x08006b1c       0x48 CMakeFiles/0_Usart.elf.dir/Drivers/STM32F1xx_HAL_Driver/Src/stm32f1xx_hal_cortex.c.obj
 .text.__NVIC_GetPriorityGrouping
                0x08006b64       0x1c CMakeFiles/0_Usart.elf.dir/Drivers/STM32F1xx_HAL_Driver/Src/stm32f1xx_hal_cortex.c.obj
 .text.__NVIC_EnableIRQ
                0x08006b80       0x38 CMakeFiles/0_Usart.elf.dir/Drivers/STM32F1xx_HAL_Driver/Src/stm32f1xx_hal_cortex.c.obj
 .text.__NVIC_SetPriority
                0x08006bb8       0x54 CMakeFiles/0_Usart.elf.dir/Drivers/STM32F1xx_HAL_Driver/Src/stm32f1xx_hal_cortex.c.obj
 .text.NVIC_EncodePriority
                0x08006c0c       0x60 CMakeFiles/0_Usart.elf.dir/Drivers/STM32F1xx_HAL_Driver/Src/stm32f1xx_hal_cortex.c.obj
 .text.HAL_NVIC_SetPriorityGrouping
                0x08006c6c       0x18 CMakeFiles/0_Usart.elf.dir/Drivers/STM32F1xx_HAL_Driver/Src/stm32f1xx_hal_cortex.c.obj
                0x08006c6c                HAL_NVIC_SetPriorityGrouping
 .text.HAL_NVIC_SetPriority
                0x08006c84       0x38 CMakeFiles/0_Usart.elf.dir/Drivers/STM32F1xx_HAL_Driver/Src/stm32f1xx_hal_cortex.c.obj
                0x08006c84                HAL_NVIC_SetPriority
 .text.HAL_NVIC_EnableIRQ
                0x08006cbc       0x1c CMakeFiles/0_Usart.elf.dir/Drivers/STM32F1xx_HAL_Driver/Src/stm32f1xx_hal_cortex.c.obj
                0x08006cbc                HAL_NVIC_EnableIRQ
 .text.HAL_DMA_Abort_IT
                0x08006cd8       0xf8 CMakeFiles/0_Usart.elf.dir/Drivers/STM32F1xx_HAL_Driver/Src/stm32f1xx_hal_dma.c.obj
                0x08006cd8                HAL_DMA_Abort_IT
 .text.HAL_GPIO_Init
                0x08006dd0      0x2b4 CMakeFiles/0_Usart.elf.dir/Drivers/STM32F1xx_HAL_Driver/Src/stm32f1xx_hal_gpio.c.obj
                0x08006dd0                HAL_GPIO_Init
 .text.HAL_GPIO_WritePin
                0x08007084       0x30 CMakeFiles/0_Usart.elf.dir/Drivers/STM32F1xx_HAL_Driver/Src/stm32f1xx_hal_gpio.c.obj
                0x08007084                HAL_GPIO_WritePin
 .text.HAL_RCC_OscConfig
                0x080070b4      0x4fc CMakeFiles/0_Usart.elf.dir/Drivers/STM32F1xx_HAL_Driver/Src/stm32f1xx_hal_rcc.c.obj
                0x080070b4                HAL_RCC_OscConfig
 .text.HAL_RCC_ClockConfig
                0x080075b0      0x1d4 CMakeFiles/0_Usart.elf.dir/Drivers/STM32F1xx_HAL_Driver/Src/stm32f1xx_hal_rcc.c.obj
                0x080075b0                HAL_RCC_ClockConfig
 .text.HAL_RCC_GetSysClockFreq
                0x08007784       0xc8 CMakeFiles/0_Usart.elf.dir/Drivers/STM32F1xx_HAL_Driver/Src/stm32f1xx_hal_rcc.c.obj
                0x08007784                HAL_RCC_GetSysClockFreq
 .text.HAL_RCC_GetHCLKFreq
                0x0800784c       0x14 CMakeFiles/0_Usart.elf.dir/Drivers/STM32F1xx_HAL_Driver/Src/stm32f1xx_hal_rcc.c.obj
                0x0800784c                HAL_RCC_GetHCLKFreq
 .text.HAL_RCC_GetPCLK1Freq
                0x08007860       0x28 CMakeFiles/0_Usart.elf.dir/Drivers/STM32F1xx_HAL_Driver/Src/stm32f1xx_hal_rcc.c.obj
                0x08007860                HAL_RCC_GetPCLK1Freq
 .text.HAL_RCC_GetPCLK2Freq
                0x08007888       0x28 CMakeFiles/0_Usart.elf.dir/Drivers/STM32F1xx_HAL_Driver/Src/stm32f1xx_hal_rcc.c.obj
                0x08007888                HAL_RCC_GetPCLK2Freq
 .text.HAL_RCC_GetClockConfig
                0x080078b0       0x60 CMakeFiles/0_Usart.elf.dir/Drivers/STM32F1xx_HAL_Driver/Src/stm32f1xx_hal_rcc.c.obj
                0x080078b0                HAL_RCC_GetClockConfig
 .text.RCC_Delay
                0x08007910       0x3c CMakeFiles/0_Usart.elf.dir/Drivers/STM32F1xx_HAL_Driver/Src/stm32f1xx_hal_rcc.c.obj
 .text.HAL_RCCEx_PeriphCLKConfig
                0x0800794c      0x16c CMakeFiles/0_Usart.elf.dir/Drivers/STM32F1xx_HAL_Driver/Src/stm32f1xx_hal_rcc_ex.c.obj
                0x0800794c                HAL_RCCEx_PeriphCLKConfig
 .text.HAL_TIM_Base_Init
                0x08007ab8       0xa0 CMakeFiles/0_Usart.elf.dir/Drivers/STM32F1xx_HAL_Driver/Src/stm32f1xx_hal_tim.c.obj
                0x08007ab8                HAL_TIM_Base_Init
 .text.HAL_TIM_Base_MspInit
                0x08007b58       0x14 CMakeFiles/0_Usart.elf.dir/Drivers/STM32F1xx_HAL_Driver/Src/stm32f1xx_hal_tim.c.obj
                0x08007b58                HAL_TIM_Base_MspInit
 .text.HAL_TIM_Base_Start_IT
                0x08007b6c       0xa4 CMakeFiles/0_Usart.elf.dir/Drivers/STM32F1xx_HAL_Driver/Src/stm32f1xx_hal_tim.c.obj
                0x08007b6c                HAL_TIM_Base_Start_IT
 .text.HAL_TIM_PWM_Init
                0x08007c10       0xa0 CMakeFiles/0_Usart.elf.dir/Drivers/STM32F1xx_HAL_Driver/Src/stm32f1xx_hal_tim.c.obj
                0x08007c10                HAL_TIM_PWM_Init
 .text.HAL_TIM_PWM_Start
                0x08007cb0      0x144 CMakeFiles/0_Usart.elf.dir/Drivers/STM32F1xx_HAL_Driver/Src/stm32f1xx_hal_tim.c.obj
                0x08007cb0                HAL_TIM_PWM_Start
 .text.HAL_TIM_Encoder_Init
                0x08007df4      0x144 CMakeFiles/0_Usart.elf.dir/Drivers/STM32F1xx_HAL_Driver/Src/stm32f1xx_hal_tim.c.obj
                0x08007df4                HAL_TIM_Encoder_Init
 .text.HAL_TIM_Encoder_Start
                0x08007f38      0x11c CMakeFiles/0_Usart.elf.dir/Drivers/STM32F1xx_HAL_Driver/Src/stm32f1xx_hal_tim.c.obj
                0x08007f38                HAL_TIM_Encoder_Start
 .text.HAL_TIM_IRQHandler
                0x08008054      0x210 CMakeFiles/0_Usart.elf.dir/Drivers/STM32F1xx_HAL_Driver/Src/stm32f1xx_hal_tim.c.obj
                0x08008054                HAL_TIM_IRQHandler
 .text.HAL_TIM_PWM_ConfigChannel
                0x08008264      0x17c CMakeFiles/0_Usart.elf.dir/Drivers/STM32F1xx_HAL_Driver/Src/stm32f1xx_hal_tim.c.obj
                0x08008264                HAL_TIM_PWM_ConfigChannel
 .text.HAL_TIM_OC_DelayElapsedCallback
                0x080083e0       0x14 CMakeFiles/0_Usart.elf.dir/Drivers/STM32F1xx_HAL_Driver/Src/stm32f1xx_hal_tim.c.obj
                0x080083e0                HAL_TIM_OC_DelayElapsedCallback
 .text.HAL_TIM_IC_CaptureCallback
                0x080083f4       0x14 CMakeFiles/0_Usart.elf.dir/Drivers/STM32F1xx_HAL_Driver/Src/stm32f1xx_hal_tim.c.obj
                0x080083f4                HAL_TIM_IC_CaptureCallback
 .text.HAL_TIM_PWM_PulseFinishedCallback
                0x08008408       0x14 CMakeFiles/0_Usart.elf.dir/Drivers/STM32F1xx_HAL_Driver/Src/stm32f1xx_hal_tim.c.obj
                0x08008408                HAL_TIM_PWM_PulseFinishedCallback
 .text.HAL_TIM_TriggerCallback
                0x0800841c       0x14 CMakeFiles/0_Usart.elf.dir/Drivers/STM32F1xx_HAL_Driver/Src/stm32f1xx_hal_tim.c.obj
                0x0800841c                HAL_TIM_TriggerCallback
 .text.TIM_Base_SetConfig
                0x08008430       0xc4 CMakeFiles/0_Usart.elf.dir/Drivers/STM32F1xx_HAL_Driver/Src/stm32f1xx_hal_tim.c.obj
                0x08008430                TIM_Base_SetConfig
 .text.TIM_OC1_SetConfig
                0x080084f4       0xcc CMakeFiles/0_Usart.elf.dir/Drivers/STM32F1xx_HAL_Driver/Src/stm32f1xx_hal_tim.c.obj
 .text.TIM_OC2_SetConfig
                0x080085c0       0xd4 CMakeFiles/0_Usart.elf.dir/Drivers/STM32F1xx_HAL_Driver/Src/stm32f1xx_hal_tim.c.obj
                0x080085c0                TIM_OC2_SetConfig
 .text.TIM_OC3_SetConfig
                0x08008694       0xd4 CMakeFiles/0_Usart.elf.dir/Drivers/STM32F1xx_HAL_Driver/Src/stm32f1xx_hal_tim.c.obj
 .text.TIM_OC4_SetConfig
                0x08008768       0x9c CMakeFiles/0_Usart.elf.dir/Drivers/STM32F1xx_HAL_Driver/Src/stm32f1xx_hal_tim.c.obj
 .text.TIM_CCxChannelCmd
                0x08008804       0x48 CMakeFiles/0_Usart.elf.dir/Drivers/STM32F1xx_HAL_Driver/Src/stm32f1xx_hal_tim.c.obj
                0x08008804                TIM_CCxChannelCmd
 .text.HAL_TIMEx_MasterConfigSynchronization
                0x0800884c       0xbc CMakeFiles/0_Usart.elf.dir/Drivers/STM32F1xx_HAL_Driver/Src/stm32f1xx_hal_tim_ex.c.obj
                0x0800884c                HAL_TIMEx_MasterConfigSynchronization
 .text.HAL_TIMEx_ConfigBreakDeadTime
                0x08008908       0xa4 CMakeFiles/0_Usart.elf.dir/Drivers/STM32F1xx_HAL_Driver/Src/stm32f1xx_hal_tim_ex.c.obj
                0x08008908                HAL_TIMEx_ConfigBreakDeadTime
 .text.HAL_TIMEx_CommutCallback
                0x080089ac       0x14 CMakeFiles/0_Usart.elf.dir/Drivers/STM32F1xx_HAL_Driver/Src/stm32f1xx_hal_tim_ex.c.obj
                0x080089ac                HAL_TIMEx_CommutCallback
 .text.HAL_TIMEx_BreakCallback
                0x080089c0       0x14 CMakeFiles/0_Usart.elf.dir/Drivers/STM32F1xx_HAL_Driver/Src/stm32f1xx_hal_tim_ex.c.obj
                0x080089c0                HAL_TIMEx_BreakCallback
 .text.HAL_UART_Init
                0x080089d4       0x9c CMakeFiles/0_Usart.elf.dir/Drivers/STM32F1xx_HAL_Driver/Src/stm32f1xx_hal_uart.c.obj
                0x080089d4                HAL_UART_Init
 .text.HAL_UART_Transmit
                0x08008a70      0x124 CMakeFiles/0_Usart.elf.dir/Drivers/STM32F1xx_HAL_Driver/Src/stm32f1xx_hal_uart.c.obj
                0x08008a70                HAL_UART_Transmit
 .text.HAL_UART_Receive
                0x08008b94      0x140 CMakeFiles/0_Usart.elf.dir/Drivers/STM32F1xx_HAL_Driver/Src/stm32f1xx_hal_uart.c.obj
                0x08008b94                HAL_UART_Receive
 .text.HAL_UART_Receive_IT
                0x08008cd4       0xa8 CMakeFiles/0_Usart.elf.dir/Drivers/STM32F1xx_HAL_Driver/Src/stm32f1xx_hal_uart.c.obj
                0x08008cd4                HAL_UART_Receive_IT
 .text.HAL_UART_IRQHandler
                0x08008d7c      0x200 CMakeFiles/0_Usart.elf.dir/Drivers/STM32F1xx_HAL_Driver/Src/stm32f1xx_hal_uart.c.obj
                0x08008d7c                HAL_UART_IRQHandler
 .text.HAL_UART_TxCpltCallback
                0x08008f7c       0x14 CMakeFiles/0_Usart.elf.dir/Drivers/STM32F1xx_HAL_Driver/Src/stm32f1xx_hal_uart.c.obj
                0x08008f7c                HAL_UART_TxCpltCallback
 .text.HAL_UART_ErrorCallback
                0x08008f90       0x14 CMakeFiles/0_Usart.elf.dir/Drivers/STM32F1xx_HAL_Driver/Src/stm32f1xx_hal_uart.c.obj
                0x08008f90                HAL_UART_ErrorCallback
 .text.UART_WaitOnFlagUntilTimeout
                0x08008fa4       0x94 CMakeFiles/0_Usart.elf.dir/Drivers/STM32F1xx_HAL_Driver/Src/stm32f1xx_hal_uart.c.obj
 .text.UART_EndRxTransfer
                0x08009038       0x3c CMakeFiles/0_Usart.elf.dir/Drivers/STM32F1xx_HAL_Driver/Src/stm32f1xx_hal_uart.c.obj
 .text.UART_DMAAbortOnError
                0x08009074       0x28 CMakeFiles/0_Usart.elf.dir/Drivers/STM32F1xx_HAL_Driver/Src/stm32f1xx_hal_uart.c.obj
 .text.UART_Transmit_IT
                0x0800909c       0x9c CMakeFiles/0_Usart.elf.dir/Drivers/STM32F1xx_HAL_Driver/Src/stm32f1xx_hal_uart.c.obj
 .text.UART_EndTransmit_IT
                0x08009138       0x30 CMakeFiles/0_Usart.elf.dir/Drivers/STM32F1xx_HAL_Driver/Src/stm32f1xx_hal_uart.c.obj
 .text.UART_Receive_IT
                0x08009168      0x100 CMakeFiles/0_Usart.elf.dir/Drivers/STM32F1xx_HAL_Driver/Src/stm32f1xx_hal_uart.c.obj
 .text.UART_SetConfig
                0x08009268      0x11c CMakeFiles/0_Usart.elf.dir/Drivers/STM32F1xx_HAL_Driver/Src/stm32f1xx_hal_uart.c.obj
 .text.makeFreeRtosPriority
                0x08009384       0x30 CMakeFiles/0_Usart.elf.dir/Middlewares/Third_Party/FreeRTOS/Source/CMSIS_RTOS/cmsis_os.c.obj
 .text.osKernelStart
                0x080093b4       0x10 CMakeFiles/0_Usart.elf.dir/Middlewares/Third_Party/FreeRTOS/Source/CMSIS_RTOS/cmsis_os.c.obj
                0x080093b4                osKernelStart
 .text.osThreadCreate
                0x080093c4       0x98 CMakeFiles/0_Usart.elf.dir/Middlewares/Third_Party/FreeRTOS/Source/CMSIS_RTOS/cmsis_os.c.obj
                0x080093c4                osThreadCreate
 .text.osDelay  0x0800945c       0x28 CMakeFiles/0_Usart.elf.dir/Middlewares/Third_Party/FreeRTOS/Source/CMSIS_RTOS/cmsis_os.c.obj
                0x0800945c                osDelay
 .text.osSemaphoreCreate
                0x08009484       0x68 CMakeFiles/0_Usart.elf.dir/Middlewares/Third_Party/FreeRTOS/Source/CMSIS_RTOS/cmsis_os.c.obj
                0x08009484                osSemaphoreCreate
 .text.vListInitialise
                0x080094ec       0x40 CMakeFiles/0_Usart.elf.dir/Middlewares/Third_Party/FreeRTOS/Source/list.c.obj
                0x080094ec                vListInitialise
 .text.vListInitialiseItem
                0x0800952c       0x18 CMakeFiles/0_Usart.elf.dir/Middlewares/Third_Party/FreeRTOS/Source/list.c.obj
                0x0800952c                vListInitialiseItem
 .text.vListInsertEnd
                0x08009544       0x48 CMakeFiles/0_Usart.elf.dir/Middlewares/Third_Party/FreeRTOS/Source/list.c.obj
                0x08009544                vListInsertEnd
 .text.vListInsert
                0x0800958c       0x70 CMakeFiles/0_Usart.elf.dir/Middlewares/Third_Party/FreeRTOS/Source/list.c.obj
                0x0800958c                vListInsert
 .text.uxListRemove
                0x080095fc       0x54 CMakeFiles/0_Usart.elf.dir/Middlewares/Third_Party/FreeRTOS/Source/list.c.obj
                0x080095fc                uxListRemove
 .text.pxPortInitialiseStack
                0x08009650       0x58 CMakeFiles/0_Usart.elf.dir/Middlewares/Third_Party/FreeRTOS/Source/portable/GCC/ARM_CM3/port.c.obj
                0x08009650                pxPortInitialiseStack
 .text.prvTaskExitError
                0x080096a8       0x50 CMakeFiles/0_Usart.elf.dir/Middlewares/Third_Party/FreeRTOS/Source/portable/GCC/ARM_CM3/port.c.obj
 *fill*         0x080096f8        0x8 
 .text.SVC_Handler
                0x08009700       0x28 CMakeFiles/0_Usart.elf.dir/Middlewares/Third_Party/FreeRTOS/Source/portable/GCC/ARM_CM3/port.c.obj
                0x08009700                SVC_Handler
 .text.prvPortStartFirstTask
                0x08009728       0x20 CMakeFiles/0_Usart.elf.dir/Middlewares/Third_Party/FreeRTOS/Source/portable/GCC/ARM_CM3/port.c.obj
 .text.xPortStartScheduler
                0x08009748       0xe0 CMakeFiles/0_Usart.elf.dir/Middlewares/Third_Party/FreeRTOS/Source/portable/GCC/ARM_CM3/port.c.obj
                0x08009748                xPortStartScheduler
 .text.vPortEnterCritical
                0x08009828       0x5c CMakeFiles/0_Usart.elf.dir/Middlewares/Third_Party/FreeRTOS/Source/portable/GCC/ARM_CM3/port.c.obj
                0x08009828                vPortEnterCritical
 .text.vPortExitCritical
                0x08009884       0x4c CMakeFiles/0_Usart.elf.dir/Middlewares/Third_Party/FreeRTOS/Source/portable/GCC/ARM_CM3/port.c.obj
                0x08009884                vPortExitCritical
 .text.PendSV_Handler
                0x080098d0       0x48 CMakeFiles/0_Usart.elf.dir/Middlewares/Third_Party/FreeRTOS/Source/portable/GCC/ARM_CM3/port.c.obj
                0x080098d0                PendSV_Handler
 .text.SysTick_Handler
                0x08009918       0x40 CMakeFiles/0_Usart.elf.dir/Middlewares/Third_Party/FreeRTOS/Source/portable/GCC/ARM_CM3/port.c.obj
                0x08009918                SysTick_Handler
 .text.vPortSetupTimerInterrupt
                0x08009958       0x44 CMakeFiles/0_Usart.elf.dir/Middlewares/Third_Party/FreeRTOS/Source/portable/GCC/ARM_CM3/port.c.obj
                0x08009958                vPortSetupTimerInterrupt
 .text.pvPortMalloc
                0x0800999c      0x184 CMakeFiles/0_Usart.elf.dir/Middlewares/Third_Party/FreeRTOS/Source/portable/MemMang/heap_4.c.obj
                0x0800999c                pvPortMalloc
 .text.vPortFree
                0x08009b20       0xb0 CMakeFiles/0_Usart.elf.dir/Middlewares/Third_Party/FreeRTOS/Source/portable/MemMang/heap_4.c.obj
                0x08009b20                vPortFree
 .text.prvHeapInit
                0x08009bd0       0xc4 CMakeFiles/0_Usart.elf.dir/Middlewares/Third_Party/FreeRTOS/Source/portable/MemMang/heap_4.c.obj
 .text.prvInsertBlockIntoFreeList
                0x08009c94       0xb0 CMakeFiles/0_Usart.elf.dir/Middlewares/Third_Party/FreeRTOS/Source/portable/MemMang/heap_4.c.obj
 .text.xQueueGenericReset
                0x08009d44       0xd0 CMakeFiles/0_Usart.elf.dir/Middlewares/Third_Party/FreeRTOS/Source/queue.c.obj
                0x08009d44                xQueueGenericReset
 .text.xQueueGenericCreateStatic
                0x08009e14       0xe4 CMakeFiles/0_Usart.elf.dir/Middlewares/Third_Party/FreeRTOS/Source/queue.c.obj
                0x08009e14                xQueueGenericCreateStatic
 .text.xQueueGenericCreate
                0x08009ef8       0x7c CMakeFiles/0_Usart.elf.dir/Middlewares/Third_Party/FreeRTOS/Source/queue.c.obj
                0x08009ef8                xQueueGenericCreate
 .text.prvInitialiseNewQueue
                0x08009f74       0x40 CMakeFiles/0_Usart.elf.dir/Middlewares/Third_Party/FreeRTOS/Source/queue.c.obj
 .text.xQueueGenericSend
                0x08009fb4      0x1f4 CMakeFiles/0_Usart.elf.dir/Middlewares/Third_Party/FreeRTOS/Source/queue.c.obj
                0x08009fb4                xQueueGenericSend
 .text.prvCopyDataToQueue
                0x0800a1a8       0xd4 CMakeFiles/0_Usart.elf.dir/Middlewares/Third_Party/FreeRTOS/Source/queue.c.obj
 .text.prvUnlockQueue
                0x0800a27c       0xa4 CMakeFiles/0_Usart.elf.dir/Middlewares/Third_Party/FreeRTOS/Source/queue.c.obj
 .text.prvIsQueueFull
                0x0800a320       0x30 CMakeFiles/0_Usart.elf.dir/Middlewares/Third_Party/FreeRTOS/Source/queue.c.obj
 .text.xTaskCreateStatic
                0x0800a350       0xb4 CMakeFiles/0_Usart.elf.dir/Middlewares/Third_Party/FreeRTOS/Source/tasks.c.obj
                0x0800a350                xTaskCreateStatic
 .text.xTaskCreate
                0x0800a404       0x8c CMakeFiles/0_Usart.elf.dir/Middlewares/Third_Party/FreeRTOS/Source/tasks.c.obj
                0x0800a404                xTaskCreate
 .text.prvInitialiseNewTask
                0x0800a490       0xfc CMakeFiles/0_Usart.elf.dir/Middlewares/Third_Party/FreeRTOS/Source/tasks.c.obj
 .text.prvAddNewTaskToReadyList
                0x0800a58c       0xd4 CMakeFiles/0_Usart.elf.dir/Middlewares/Third_Party/FreeRTOS/Source/tasks.c.obj
 .text.vTaskDelay
                0x0800a660       0x68 CMakeFiles/0_Usart.elf.dir/Middlewares/Third_Party/FreeRTOS/Source/tasks.c.obj
                0x0800a660                vTaskDelay
 .text.vTaskStartScheduler
                0x0800a6c8       0xbc CMakeFiles/0_Usart.elf.dir/Middlewares/Third_Party/FreeRTOS/Source/tasks.c.obj
                0x0800a6c8                vTaskStartScheduler
 .text.vTaskSuspendAll
                0x0800a784       0x1c CMakeFiles/0_Usart.elf.dir/Middlewares/Third_Party/FreeRTOS/Source/tasks.c.obj
                0x0800a784                vTaskSuspendAll
 .text.xTaskResumeAll
                0x0800a7a0      0x138 CMakeFiles/0_Usart.elf.dir/Middlewares/Third_Party/FreeRTOS/Source/tasks.c.obj
                0x0800a7a0                xTaskResumeAll
 .text.xTaskIncrementTick
                0x0800a8d8      0x178 CMakeFiles/0_Usart.elf.dir/Middlewares/Third_Party/FreeRTOS/Source/tasks.c.obj
                0x0800a8d8                xTaskIncrementTick
 .text.vTaskSwitchContext
                0x0800aa50       0xb4 CMakeFiles/0_Usart.elf.dir/Middlewares/Third_Party/FreeRTOS/Source/tasks.c.obj
                0x0800aa50                vTaskSwitchContext
 .text.vTaskPlaceOnEventList
                0x0800ab04       0x48 CMakeFiles/0_Usart.elf.dir/Middlewares/Third_Party/FreeRTOS/Source/tasks.c.obj
                0x0800ab04                vTaskPlaceOnEventList
 .text.xTaskRemoveFromEventList
                0x0800ab4c       0xc4 CMakeFiles/0_Usart.elf.dir/Middlewares/Third_Party/FreeRTOS/Source/tasks.c.obj
                0x0800ab4c                xTaskRemoveFromEventList
 .text.vTaskInternalSetTimeOutState
                0x0800ac10       0x2c CMakeFiles/0_Usart.elf.dir/Middlewares/Third_Party/FreeRTOS/Source/tasks.c.obj
                0x0800ac10                vTaskInternalSetTimeOutState
 .text.xTaskCheckForTimeOut
                0x0800ac3c       0xc0 CMakeFiles/0_Usart.elf.dir/Middlewares/Third_Party/FreeRTOS/Source/tasks.c.obj
                0x0800ac3c                xTaskCheckForTimeOut
 .text.vTaskMissedYield
                0x0800acfc       0x18 CMakeFiles/0_Usart.elf.dir/Middlewares/Third_Party/FreeRTOS/Source/tasks.c.obj
                0x0800acfc                vTaskMissedYield
 .text.prvIdleTask
                0x0800ad14       0x30 CMakeFiles/0_Usart.elf.dir/Middlewares/Third_Party/FreeRTOS/Source/tasks.c.obj
 .text.prvInitialiseTaskLists
                0x0800ad44       0x80 CMakeFiles/0_Usart.elf.dir/Middlewares/Third_Party/FreeRTOS/Source/tasks.c.obj
 .text.prvCheckTasksWaitingTermination
                0x0800adc4       0x58 CMakeFiles/0_Usart.elf.dir/Middlewares/Third_Party/FreeRTOS/Source/tasks.c.obj
 .text.prvDeleteTCB
                0x0800ae1c       0x5c CMakeFiles/0_Usart.elf.dir/Middlewares/Third_Party/FreeRTOS/Source/tasks.c.obj
 .text.prvResetNextTaskUnblockTime
                0x0800ae78       0x48 CMakeFiles/0_Usart.elf.dir/Middlewares/Third_Party/FreeRTOS/Source/tasks.c.obj
 .text.xTaskGetSchedulerState
                0x0800aec0       0x3c CMakeFiles/0_Usart.elf.dir/Middlewares/Third_Party/FreeRTOS/Source/tasks.c.obj
                0x0800aec0                xTaskGetSchedulerState
 .text.xTaskPriorityDisinherit
                0x0800aefc      0x108 CMakeFiles/0_Usart.elf.dir/Middlewares/Third_Party/FreeRTOS/Source/tasks.c.obj
                0x0800aefc                xTaskPriorityDisinherit
 .text.prvAddCurrentTaskToDelayedList
                0x0800b004       0xcc CMakeFiles/0_Usart.elf.dir/Middlewares/Third_Party/FreeRTOS/Source/tasks.c.obj
 .text.Reset_Handler
                0x0800b0d0       0x48 CMakeFiles/0_Usart.elf.dir/startup/startup_stm32f103xb.s.obj
                0x0800b0d0                Reset_Handler
 .text.Default_Handler
                0x0800b118        0x2 CMakeFiles/0_Usart.elf.dir/startup/startup_stm32f103xb.s.obj
                0x0800b118                RTC_Alarm_IRQHandler
                0x0800b118                EXTI2_IRQHandler
                0x0800b118                TIM1_CC_IRQHandler
                0x0800b118                PVD_IRQHandler
                0x0800b118                EXTI3_IRQHandler
                0x0800b118                EXTI0_IRQHandler
                0x0800b118                I2C2_EV_IRQHandler
                0x0800b118                ADC1_2_IRQHandler
                0x0800b118                SPI1_IRQHandler
                0x0800b118                TAMPER_IRQHandler
                0x0800b118                DMA1_Channel4_IRQHandler
                0x0800b118                USART3_IRQHandler
                0x0800b118                RTC_IRQHandler
                0x0800b118                DMA1_Channel7_IRQHandler
                0x0800b118                CAN1_RX1_IRQHandler
                0x0800b118                I2C1_EV_IRQHandler
                0x0800b118                DMA1_Channel6_IRQHandler
                0x0800b118                RCC_IRQHandler
                0x0800b118                TIM1_TRG_COM_IRQHandler
                0x0800b118                DMA1_Channel1_IRQHandler
                0x0800b118                Default_Handler
                0x0800b118                EXTI15_10_IRQHandler
                0x0800b118                EXTI9_5_IRQHandler
                0x0800b118                SPI2_IRQHandler
                0x0800b118                DMA1_Channel5_IRQHandler
                0x0800b118                EXTI4_IRQHandler
                0x0800b118                USB_LP_CAN1_RX0_IRQHandler
                0x0800b118                USB_HP_CAN1_TX_IRQHandler
                0x0800b118                DMA1_Channel3_IRQHandler
                0x0800b118                TIM1_UP_IRQHandler
                0x0800b118                WWDG_IRQHandler
                0x0800b118                TIM1_BRK_IRQHandler
                0x0800b118                EXTI1_IRQHandler
                0x0800b118                USART2_IRQHandler
                0x0800b118                I2C2_ER_IRQHandler
                0x0800b118                DMA1_Channel2_IRQHandler
                0x0800b118                CAN1_SCE_IRQHandler
                0x0800b118                FLASH_IRQHandler
                0x0800b118                I2C1_ER_IRQHandler
                0x0800b118                USBWakeUp_IRQHandler
 *fill*         0x0800b11a        0x2 
 .text.__errno  0x0800b11c        0xc e:/28_clion/armbuilder/bin/../lib/gcc/arm-none-eabi/5.4.1/../../../../arm-none-eabi/lib/armv7-m\libg_nano.a(lib_a-errno.o)
                0x0800b11c                __errno
 .text.__libc_init_array
                0x0800b128       0x4c e:/28_clion/armbuilder/bin/../lib/gcc/arm-none-eabi/5.4.1/../../../../arm-none-eabi/lib/armv7-m\libg_nano.a(lib_a-init.o)
                0x0800b128                __libc_init_array
 .text.memcmp   0x0800b174       0x1e e:/28_clion/armbuilder/bin/../lib/gcc/arm-none-eabi/5.4.1/../../../../arm-none-eabi/lib/armv7-m\libg_nano.a(lib_a-memcmp.o)
                0x0800b174                memcmp
 .text.memcpy   0x0800b192       0x16 e:/28_clion/armbuilder/bin/../lib/gcc/arm-none-eabi/5.4.1/../../../../arm-none-eabi/lib/armv7-m\libg_nano.a(lib_a-memcpy-stub.o)
                0x0800b192                memcpy
 .text.memset   0x0800b1a8       0x10 e:/28_clion/armbuilder/bin/../lib/gcc/arm-none-eabi/5.4.1/../../../../arm-none-eabi/lib/armv7-m\libg_nano.a(lib_a-memset.o)
                0x0800b1a8                memset
 .text.printf   0x0800b1b8       0x30 e:/28_clion/armbuilder/bin/../lib/gcc/arm-none-eabi/5.4.1/../../../../arm-none-eabi/lib/armv7-m\libg_nano.a(lib_a-printf.o)
                0x0800b1b8                iprintf
                0x0800b1b8                printf
 .text._puts_r  0x0800b1e8       0xb4 e:/28_clion/armbuilder/bin/../lib/gcc/arm-none-eabi/5.4.1/../../../../arm-none-eabi/lib/armv7-m\libg_nano.a(lib_a-puts.o)
                0x0800b1e8                _puts_r
 .text.puts     0x0800b29c       0x10 e:/28_clion/armbuilder/bin/../lib/gcc/arm-none-eabi/5.4.1/../../../../arm-none-eabi/lib/armv7-m\libg_nano.a(lib_a-puts.o)
                0x0800b29c                puts
 .text.setvbuf  0x0800b2ac      0x154 e:/28_clion/armbuilder/bin/../lib/gcc/arm-none-eabi/5.4.1/../../../../arm-none-eabi/lib/armv7-m\libg_nano.a(lib_a-setvbuf.o)
                0x0800b2ac                setvbuf
 .text.__swbuf_r
                0x0800b400       0xa8 e:/28_clion/armbuilder/bin/../lib/gcc/arm-none-eabi/5.4.1/../../../../arm-none-eabi/lib/armv7-m\libg_nano.a(lib_a-wbuf.o)
                0x0800b400                __swbuf_r
 .text.__swsetup_r
                0x0800b4a8       0xdc e:/28_clion/armbuilder/bin/../lib/gcc/arm-none-eabi/5.4.1/../../../../arm-none-eabi/lib/armv7-m\libg_nano.a(lib_a-wsetup.o)
                0x0800b4a8                __swsetup_r
 .text.__sflush_r
                0x0800b584      0x10c e:/28_clion/armbuilder/bin/../lib/gcc/arm-none-eabi/5.4.1/../../../../arm-none-eabi/lib/armv7-m\libg_nano.a(lib_a-fflush.o)
                0x0800b584                __sflush_r
 .text._fflush_r
                0x0800b690       0x54 e:/28_clion/armbuilder/bin/../lib/gcc/arm-none-eabi/5.4.1/../../../../arm-none-eabi/lib/armv7-m\libg_nano.a(lib_a-fflush.o)
                0x0800b690                _fflush_r
 .text._cleanup_r
                0x0800b6e4        0xc e:/28_clion/armbuilder/bin/../lib/gcc/arm-none-eabi/5.4.1/../../../../arm-none-eabi/lib/armv7-m\libg_nano.a(lib_a-findfp.o)
                0x0800b6e4                _cleanup_r
 .text.std.isra.0
                0x0800b6f0       0x48 e:/28_clion/armbuilder/bin/../lib/gcc/arm-none-eabi/5.4.1/../../../../arm-none-eabi/lib/armv7-m\libg_nano.a(lib_a-findfp.o)
 .text.__sfmoreglue
                0x0800b738       0x2c e:/28_clion/armbuilder/bin/../lib/gcc/arm-none-eabi/5.4.1/../../../../arm-none-eabi/lib/armv7-m\libg_nano.a(lib_a-findfp.o)
                0x0800b738                __sfmoreglue
 .text.__sinit  0x0800b764       0x60 e:/28_clion/armbuilder/bin/../lib/gcc/arm-none-eabi/5.4.1/../../../../arm-none-eabi/lib/armv7-m\libg_nano.a(lib_a-findfp.o)
                0x0800b764                __sinit
 .text.__sfp    0x0800b7c4       0x78 e:/28_clion/armbuilder/bin/../lib/gcc/arm-none-eabi/5.4.1/../../../../arm-none-eabi/lib/armv7-m\libg_nano.a(lib_a-findfp.o)
                0x0800b7c4                __sfp
 .text._fwalk_reent
                0x0800b83c       0x3c e:/28_clion/armbuilder/bin/../lib/gcc/arm-none-eabi/5.4.1/../../../../arm-none-eabi/lib/armv7-m\libg_nano.a(lib_a-fwalk.o)
                0x0800b83c                _fwalk_reent
 .text.__swhatbuf_r
                0x0800b878       0x46 e:/28_clion/armbuilder/bin/../lib/gcc/arm-none-eabi/5.4.1/../../../../arm-none-eabi/lib/armv7-m\libg_nano.a(lib_a-makebuf.o)
                0x0800b878                __swhatbuf_r
 *fill*         0x0800b8be        0x2 
 .text.__smakebuf_r
                0x0800b8c0       0x78 e:/28_clion/armbuilder/bin/../lib/gcc/arm-none-eabi/5.4.1/../../../../arm-none-eabi/lib/armv7-m\libg_nano.a(lib_a-makebuf.o)
                0x0800b8c0                __smakebuf_r
 .text.malloc   0x0800b938       0x10 e:/28_clion/armbuilder/bin/../lib/gcc/arm-none-eabi/5.4.1/../../../../arm-none-eabi/lib/armv7-m\libg_nano.a(lib_a-malloc.o)
                0x0800b938                malloc
 .text._free_r  0x0800b948       0x98 e:/28_clion/armbuilder/bin/../lib/gcc/arm-none-eabi/5.4.1/../../../../arm-none-eabi/lib/armv7-m\libg_nano.a(lib_a-nano-freer.o)
                0x0800b948                _free_r
 .text._malloc_r
                0x0800b9e0       0xbc e:/28_clion/armbuilder/bin/../lib/gcc/arm-none-eabi/5.4.1/../../../../arm-none-eabi/lib/armv7-m\libg_nano.a(lib_a-nano-mallocr.o)
                0x0800b9e0                _malloc_r
 .text.__sfputc_r
                0x0800ba9c       0x2c e:/28_clion/armbuilder/bin/../lib/gcc/arm-none-eabi/5.4.1/../../../../arm-none-eabi/lib/armv7-m\libg_nano.a(lib_a-nano-vfprintf.o)
 .text.__sfputs_r
                0x0800bac8       0x24 e:/28_clion/armbuilder/bin/../lib/gcc/arm-none-eabi/5.4.1/../../../../arm-none-eabi/lib/armv7-m\libg_nano.a(lib_a-nano-vfprintf.o)
                0x0800bac8                __sfputs_r
 .text._vfprintf_r
                0x0800baec      0x238 e:/28_clion/armbuilder/bin/../lib/gcc/arm-none-eabi/5.4.1/../../../../arm-none-eabi/lib/armv7-m\libg_nano.a(lib_a-nano-vfprintf.o)
                0x0800baec                _vfprintf_r
                0x0800baec                _vfiprintf_r
 .text._printf_common
                0x0800bd24       0xec e:/28_clion/armbuilder/bin/../lib/gcc/arm-none-eabi/5.4.1/../../../../arm-none-eabi/lib/armv7-m\libg_nano.a(lib_a-nano-vfprintf_i.o)
                0x0800bd24                _printf_common
 .text._printf_i
                0x0800be10      0x24c e:/28_clion/armbuilder/bin/../lib/gcc/arm-none-eabi/5.4.1/../../../../arm-none-eabi/lib/armv7-m\libg_nano.a(lib_a-nano-vfprintf_i.o)
                0x0800be10                _printf_i
 .text._sbrk_r  0x0800c05c       0x20 e:/28_clion/armbuilder/bin/../lib/gcc/arm-none-eabi/5.4.1/../../../../arm-none-eabi/lib/armv7-m\libg_nano.a(lib_a-sbrkr.o)
                0x0800c05c                _sbrk_r
 .text.__sread  0x0800c07c       0x22 e:/28_clion/armbuilder/bin/../lib/gcc/arm-none-eabi/5.4.1/../../../../arm-none-eabi/lib/armv7-m\libg_nano.a(lib_a-stdio.o)
                0x0800c07c                __sread
 .text.__swrite
                0x0800c09e       0x38 e:/28_clion/armbuilder/bin/../lib/gcc/arm-none-eabi/5.4.1/../../../../arm-none-eabi/lib/armv7-m\libg_nano.a(lib_a-stdio.o)
                0x0800c09e                __swrite
 .text.__sseek  0x0800c0d6       0x24 e:/28_clion/armbuilder/bin/../lib/gcc/arm-none-eabi/5.4.1/../../../../arm-none-eabi/lib/armv7-m\libg_nano.a(lib_a-stdio.o)
                0x0800c0d6                __sseek
 .text.__sclose
                0x0800c0fa        0x8 e:/28_clion/armbuilder/bin/../lib/gcc/arm-none-eabi/5.4.1/../../../../arm-none-eabi/lib/armv7-m\libg_nano.a(lib_a-stdio.o)
                0x0800c0fa                __sclose
 *fill*         0x0800c102        0x2 
 .text._write_r
                0x0800c104       0x24 e:/28_clion/armbuilder/bin/../lib/gcc/arm-none-eabi/5.4.1/../../../../arm-none-eabi/lib/armv7-m\libg_nano.a(lib_a-writer.o)
                0x0800c104                _write_r
 .text._close_r
                0x0800c128       0x20 e:/28_clion/armbuilder/bin/../lib/gcc/arm-none-eabi/5.4.1/../../../../arm-none-eabi/lib/armv7-m\libg_nano.a(lib_a-closer.o)
                0x0800c128                _close_r
 .text._fstat_r
                0x0800c148       0x24 e:/28_clion/armbuilder/bin/../lib/gcc/arm-none-eabi/5.4.1/../../../../arm-none-eabi/lib/armv7-m\libg_nano.a(lib_a-fstatr.o)
                0x0800c148                _fstat_r
 .text._isatty_r
                0x0800c16c       0x20 e:/28_clion/armbuilder/bin/../lib/gcc/arm-none-eabi/5.4.1/../../../../arm-none-eabi/lib/armv7-m\libg_nano.a(lib_a-isattyr.o)
                0x0800c16c                _isatty_r
 .text._lseek_r
                0x0800c18c       0x24 e:/28_clion/armbuilder/bin/../lib/gcc/arm-none-eabi/5.4.1/../../../../arm-none-eabi/lib/armv7-m\libg_nano.a(lib_a-lseekr.o)
                0x0800c18c                _lseek_r
 .text.memchr   0x0800c1b0       0x1c e:/28_clion/armbuilder/bin/../lib/gcc/arm-none-eabi/5.4.1/../../../../arm-none-eabi/lib/armv7-m\libg_nano.a(lib_a-memchr-stub.o)
                0x0800c1b0                memchr
 .text.__malloc_lock
                0x0800c1cc        0x2 e:/28_clion/armbuilder/bin/../lib/gcc/arm-none-eabi/5.4.1/../../../../arm-none-eabi/lib/armv7-m\libg_nano.a(lib_a-mlock.o)
                0x0800c1cc                __malloc_lock
 .text.__malloc_unlock
                0x0800c1ce        0x2 e:/28_clion/armbuilder/bin/../lib/gcc/arm-none-eabi/5.4.1/../../../../arm-none-eabi/lib/armv7-m\libg_nano.a(lib_a-mlock.o)
                0x0800c1ce                __malloc_unlock
 .text._read_r  0x0800c1d0       0x24 e:/28_clion/armbuilder/bin/../lib/gcc/arm-none-eabi/5.4.1/../../../../arm-none-eabi/lib/armv7-m\libg_nano.a(lib_a-readr.o)
                0x0800c1d0                _read_r
 *fill*         0x0800c1f4        0x4 
 .text.atan     0x0800c1f8      0x33c e:/28_clion/armbuilder/bin/../lib/gcc/arm-none-eabi/5.4.1/../../../../arm-none-eabi/lib/armv7-m\libm.a(lib_a-s_atan.o)
                0x0800c1f8                atan
 .text.fabs     0x0800c534        0x8 e:/28_clion/armbuilder/bin/../lib/gcc/arm-none-eabi/5.4.1/../../../../arm-none-eabi/lib/armv7-m\libm.a(lib_a-s_fabs.o)
                0x0800c534                fabs
 .text.pow      0x0800c53c      0x330 e:/28_clion/armbuilder/bin/../lib/gcc/arm-none-eabi/5.4.1/../../../../arm-none-eabi/lib/armv7-m\libm.a(lib_a-w_pow.o)
                0x0800c53c                pow
 .text.sqrt     0x0800c86c       0xb8 e:/28_clion/armbuilder/bin/../lib/gcc/arm-none-eabi/5.4.1/../../../../arm-none-eabi/lib/armv7-m\libm.a(lib_a-w_sqrt.o)
                0x0800c86c                sqrt
 *fill*         0x0800c924        0x4 
 .text.__ieee754_pow
                0x0800c928      0xac4 e:/28_clion/armbuilder/bin/../lib/gcc/arm-none-eabi/5.4.1/../../../../arm-none-eabi/lib/armv7-m\libm.a(lib_a-e_pow.o)
                0x0800c928                __ieee754_pow
 .text.__ieee754_sqrt
                0x0800d3ec      0x188 e:/28_clion/armbuilder/bin/../lib/gcc/arm-none-eabi/5.4.1/../../../../arm-none-eabi/lib/armv7-m\libm.a(lib_a-e_sqrt.o)
                0x0800d3ec                __ieee754_sqrt
 .text.finite   0x0800d574        0xc e:/28_clion/armbuilder/bin/../lib/gcc/arm-none-eabi/5.4.1/../../../../arm-none-eabi/lib/armv7-m\libm.a(lib_a-s_finite.o)
                0x0800d574                finite
 .text.matherr  0x0800d580        0x4 e:/28_clion/armbuilder/bin/../lib/gcc/arm-none-eabi/5.4.1/../../../../arm-none-eabi/lib/armv7-m\libm.a(lib_a-s_matherr.o)
                0x0800d580                matherr
 .text.nan      0x0800d584        0xc e:/28_clion/armbuilder/bin/../lib/gcc/arm-none-eabi/5.4.1/../../../../arm-none-eabi/lib/armv7-m\libm.a(lib_a-s_nan.o)
                0x0800d584                nan
 .text.rint     0x0800d590      0x120 e:/28_clion/armbuilder/bin/../lib/gcc/arm-none-eabi/5.4.1/../../../../arm-none-eabi/lib/armv7-m\libm.a(lib_a-s_rint.o)
                0x0800d590                rint
 .text.scalbn   0x0800d6b0       0xe4 e:/28_clion/armbuilder/bin/../lib/gcc/arm-none-eabi/5.4.1/../../../../arm-none-eabi/lib/armv7-m\libm.a(lib_a-s_scalbn.o)
                0x0800d6b0                scalbn
 .text.copysign
                0x0800d794       0x10 e:/28_clion/armbuilder/bin/../lib/gcc/arm-none-eabi/5.4.1/../../../../arm-none-eabi/lib/armv7-m\libm.a(lib_a-s_copysign.o)
                0x0800d794                copysign
 *(.glue_7)
 .glue_7        0x0800d7a4        0x0 linker stubs
 *(.glue_7t)
 .glue_7t       0x0800d7a4        0x0 linker stubs
 *(.eh_frame)
 .eh_frame      0x0800d7a4        0x0 e:/28_clion/armbuilder/bin/../lib/gcc/arm-none-eabi/5.4.1/armv7-m/crtbegin.o
 *(.init)
 .init          0x0800d7a4        0x4 e:/28_clion/armbuilder/bin/../lib/gcc/arm-none-eabi/5.4.1/armv7-m/crti.o
                0x0800d7a4                _init
 .init          0x0800d7a8        0x8 e:/28_clion/armbuilder/bin/../lib/gcc/arm-none-eabi/5.4.1/armv7-m/crtn.o
 *(.fini)
 .fini          0x0800d7b0        0x4 e:/28_clion/armbuilder/bin/../lib/gcc/arm-none-eabi/5.4.1/armv7-m/crti.o
                0x0800d7b0                _fini
 .fini          0x0800d7b4        0x8 e:/28_clion/armbuilder/bin/../lib/gcc/arm-none-eabi/5.4.1/armv7-m/crtn.o
                0x0800d7bc                . = ALIGN (0x4)
                0x0800d7bc                _etext = .

.vfp11_veneer   0x0800d7bc        0x0
 .vfp11_veneer  0x0800d7bc        0x0 linker stubs

.v4_bx          0x0800d7bc        0x0
 .v4_bx         0x0800d7bc        0x0 linker stubs

.iplt           0x0800d7bc        0x0
 .iplt          0x0800d7bc        0x0 e:/28_clion/armbuilder/bin/../lib/gcc/arm-none-eabi/5.4.1/armv7-m/crtbegin.o

.rodata         0x0800d7c0     0x10c0
                0x0800d7c0                . = ALIGN (0x4)
 *(.rodata)
 .rodata        0x0800d7c0       0x96 CMakeFiles/0_Usart.elf.dir/BSP/bsp_inv_mpu.c.obj
 *fill*         0x0800d856        0x2 
 .rodata        0x0800d858       0x4b CMakeFiles/0_Usart.elf.dir/BSP/bsp_inv_mpu_dmp_motion_driver.c.obj
 *fill*         0x0800d8a3        0x1 
 .rodata        0x0800d8a4      0x157 CMakeFiles/0_Usart.elf.dir/BSP/bsp_mpu6050.c.obj
 *fill*         0x0800d9fb        0x1 
 .rodata        0x0800d9fc       0x50 CMakeFiles/0_Usart.elf.dir/Core/Src/freertos.c.obj
 .rodata        0x0800da4c       0x2a CMakeFiles/0_Usart.elf.dir/Core/Src/main.c.obj
 *fill*         0x0800da76        0x2 
 .rodata        0x0800da78       0x92 CMakeFiles/0_Usart.elf.dir/Core/Src/stm32f1xx_it.c.obj
 *fill*         0x0800db0a        0x2 
 .rodata        0x0800db0c       0x12 CMakeFiles/0_Usart.elf.dir/Drivers/STM32F1xx_HAL_Driver/Src/stm32f1xx_hal_rcc.c.obj
 *fill*         0x0800db1e        0x2 
 .rodata        0x0800db20        0x5 CMakeFiles/0_Usart.elf.dir/Middlewares/Third_Party/FreeRTOS/Source/tasks.c.obj
 *(.rodata*)
 *fill*         0x0800db25        0x3 
 .rodata.hw     0x0800db28        0xc CMakeFiles/0_Usart.elf.dir/BSP/bsp_inv_mpu.c.obj
                0x0800db28                hw
 .rodata.reg    0x0800db34       0x1b CMakeFiles/0_Usart.elf.dir/BSP/bsp_inv_mpu.c.obj
                0x0800db34                reg
 *fill*         0x0800db4f        0x1 
 .rodata.test   0x0800db50       0x28 CMakeFiles/0_Usart.elf.dir/BSP/bsp_inv_mpu.c.obj
                0x0800db50                test
 .rodata.dmp_memory
                0x0800db78      0xbf6 CMakeFiles/0_Usart.elf.dir/BSP/bsp_inv_mpu_dmp_motion_driver.c.obj
 *fill*         0x0800e76e        0x2 
 .rodata.AHBPrescTable
                0x0800e770       0x10 CMakeFiles/0_Usart.elf.dir/Core/Src/system_stm32f1xx.c.obj
                0x0800e770                AHBPrescTable
 .rodata.APBPrescTable
                0x0800e780        0x8 CMakeFiles/0_Usart.elf.dir/Core/Src/system_stm32f1xx.c.obj
                0x0800e780                APBPrescTable
 .rodata._global_impure_ptr
                0x0800e788        0x4 e:/28_clion/armbuilder/bin/../lib/gcc/arm-none-eabi/5.4.1/../../../../arm-none-eabi/lib/armv7-m\libg_nano.a(lib_a-impure.o)
                0x0800e788                _global_impure_ptr
 .rodata.__sf_fake_stdin
                0x0800e78c       0x20 e:/28_clion/armbuilder/bin/../lib/gcc/arm-none-eabi/5.4.1/../../../../arm-none-eabi/lib/armv7-m\libg_nano.a(lib_a-findfp.o)
                0x0800e78c                __sf_fake_stdin
 .rodata.__sf_fake_stdout
                0x0800e7ac       0x20 e:/28_clion/armbuilder/bin/../lib/gcc/arm-none-eabi/5.4.1/../../../../arm-none-eabi/lib/armv7-m\libg_nano.a(lib_a-findfp.o)
                0x0800e7ac                __sf_fake_stdout
 .rodata.__sf_fake_stderr
                0x0800e7cc       0x20 e:/28_clion/armbuilder/bin/../lib/gcc/arm-none-eabi/5.4.1/../../../../arm-none-eabi/lib/armv7-m\libg_nano.a(lib_a-findfp.o)
                0x0800e7cc                __sf_fake_stderr
 .rodata.str1.1
                0x0800e7ec       0x11 e:/28_clion/armbuilder/bin/../lib/gcc/arm-none-eabi/5.4.1/../../../../arm-none-eabi/lib/armv7-m\libg_nano.a(lib_a-nano-vfprintf.o)
 .rodata.str1.1
                0x0800e7fd       0x22 e:/28_clion/armbuilder/bin/../lib/gcc/arm-none-eabi/5.4.1/../../../../arm-none-eabi/lib/armv7-m\libg_nano.a(lib_a-nano-vfprintf_i.o)
 *fill*         0x0800e81f        0x1 
 .rodata.atanlo
                0x0800e820       0x20 e:/28_clion/armbuilder/bin/../lib/gcc/arm-none-eabi/5.4.1/../../../../arm-none-eabi/lib/armv7-m\libm.a(lib_a-s_atan.o)
 .rodata.atanhi
                0x0800e840       0x20 e:/28_clion/armbuilder/bin/../lib/gcc/arm-none-eabi/5.4.1/../../../../arm-none-eabi/lib/armv7-m\libm.a(lib_a-s_atan.o)
 .rodata.str1.4
                0x0800e860        0x4 e:/28_clion/armbuilder/bin/../lib/gcc/arm-none-eabi/5.4.1/../../../../arm-none-eabi/lib/armv7-m\libm.a(lib_a-w_pow.o)
 .rodata.str1.4
                0x0800e864        0x5 e:/28_clion/armbuilder/bin/../lib/gcc/arm-none-eabi/5.4.1/../../../../arm-none-eabi/lib/armv7-m\libm.a(lib_a-w_sqrt.o)
 .rodata.str1.4
                0x0800e869        0x8 e:/28_clion/armbuilder/bin/../lib/gcc/arm-none-eabi/5.4.1/../../../../arm-none-eabi/lib/armv7-m\libm.a(lib_a-e_pow.o)
                                  0x1 (size before relaxing)
 *fill*         0x0800e869        0x7 
 .rodata.TWO52  0x0800e870       0x10 e:/28_clion/armbuilder/bin/../lib/gcc/arm-none-eabi/5.4.1/../../../../arm-none-eabi/lib/armv7-m\libm.a(lib_a-s_rint.o)
                0x0800e880                . = ALIGN (0x4)

.ARM.extab
 *(.ARM.extab* .gnu.linkonce.armextab.*)

.ARM            0x0800e880        0x8
                0x0800e880                __exidx_start = .
 *(.ARM.exidx*)
 .ARM.exidx     0x0800e880        0x8 e:/28_clion/armbuilder/bin/../lib/gcc/arm-none-eabi/5.4.1/armv7-m\libgcc.a(_udivmoddi4.o)
                0x0800e888                __exidx_end = .

.rel.dyn        0x0800e888        0x0
 .rel.iplt      0x0800e888        0x0 e:/28_clion/armbuilder/bin/../lib/gcc/arm-none-eabi/5.4.1/armv7-m/crtbegin.o

.preinit_array  0x0800e888        0x0
                0x0800e888                PROVIDE (__preinit_array_start, .)
 *(.preinit_array*)
                0x0800e888                PROVIDE (__preinit_array_end, .)

.init_array     0x0800e888        0x4
                0x0800e888                PROVIDE (__init_array_start, .)
 *(SORT(.init_array.*))
 *(.init_array*)
 .init_array    0x0800e888        0x4 e:/28_clion/armbuilder/bin/../lib/gcc/arm-none-eabi/5.4.1/armv7-m/crtbegin.o
                0x0800e88c                PROVIDE (__init_array_end, .)

.fini_array     0x0800e88c        0x4
                [!provide]                PROVIDE (__fini_array_start, .)
 *(SORT(.fini_array.*))
 *(.fini_array*)
 .fini_array    0x0800e88c        0x4 e:/28_clion/armbuilder/bin/../lib/gcc/arm-none-eabi/5.4.1/armv7-m/crtbegin.o
                [!provide]                PROVIDE (__fini_array_end, .)
                0x0800e890                _sidata = LOADADDR (.data)

.data           0x20000000       0xd8 load address 0x0800e890
                0x20000000                . = ALIGN (0x4)
                0x20000000                _sdata = .
 *(.data)
 *(.data*)
 .data.st       0x20000000       0x2c CMakeFiles/0_Usart.elf.dir/BSP/bsp_inv_mpu.c.obj
 .data.gyro_orientation
                0x2000002c        0x9 CMakeFiles/0_Usart.elf.dir/BSP/bsp_mpu6050.c.obj
 *fill*         0x20000035        0x3 
 .data.Q_angle  0x20000038        0x4 CMakeFiles/0_Usart.elf.dir/BSP/dsp_filter.c.obj
                0x20000038                Q_angle
 .data.Q_gyro   0x2000003c        0x4 CMakeFiles/0_Usart.elf.dir/BSP/dsp_filter.c.obj
                0x2000003c                Q_gyro
 .data.R_angle  0x20000040        0x4 CMakeFiles/0_Usart.elf.dir/BSP/dsp_filter.c.obj
                0x20000040                R_angle
 .data.dt       0x20000044        0x4 CMakeFiles/0_Usart.elf.dir/BSP/dsp_filter.c.obj
                0x20000044                dt
 .data.C_0      0x20000048        0x1 CMakeFiles/0_Usart.elf.dir/BSP/dsp_filter.c.obj
                0x20000048                C_0
 *fill*         0x20000049        0x3 
 .data.PP       0x2000004c       0x10 CMakeFiles/0_Usart.elf.dir/BSP/dsp_filter.c.obj
                0x2000004c                PP
 .data.msg      0x2000005c        0x4 CMakeFiles/0_Usart.elf.dir/Core/Src/freertos.c.obj
                0x2000005c                msg
 .data.SystemCoreClock
                0x20000060        0x4 CMakeFiles/0_Usart.elf.dir/Core/Src/system_stm32f1xx.c.obj
                0x20000060                SystemCoreClock
 .data.uwTickPrio
                0x20000064        0x4 CMakeFiles/0_Usart.elf.dir/Drivers/STM32F1xx_HAL_Driver/Src/stm32f1xx_hal.c.obj
                0x20000064                uwTickPrio
 .data.uwTickFreq
                0x20000068        0x1 CMakeFiles/0_Usart.elf.dir/Drivers/STM32F1xx_HAL_Driver/Src/stm32f1xx_hal.c.obj
                0x20000068                uwTickFreq
 *fill*         0x20000069        0x3 
 .data.uxCriticalNesting
                0x2000006c        0x4 CMakeFiles/0_Usart.elf.dir/Middlewares/Third_Party/FreeRTOS/Source/portable/GCC/ARM_CM3/port.c.obj
 .data.impure_data
                0x20000070       0x60 e:/28_clion/armbuilder/bin/../lib/gcc/arm-none-eabi/5.4.1/../../../../arm-none-eabi/lib/armv7-m\libg_nano.a(lib_a-impure.o)
 .data._impure_ptr
                0x200000d0        0x4 e:/28_clion/armbuilder/bin/../lib/gcc/arm-none-eabi/5.4.1/../../../../arm-none-eabi/lib/armv7-m\libg_nano.a(lib_a-impure.o)
                0x200000d0                _impure_ptr
 .data.__fdlib_version
                0x200000d4        0x1 e:/28_clion/armbuilder/bin/../lib/gcc/arm-none-eabi/5.4.1/../../../../arm-none-eabi/lib/armv7-m\libm.a(lib_a-s_lib_ver.o)
                0x200000d4                __fdlib_version
                0x200000d8                . = ALIGN (0x4)
 *fill*         0x200000d5        0x3 
                0x200000d8                _edata = .

.jcr            0x200000d8        0x0 load address 0x0800e968
 .jcr           0x200000d8        0x0 e:/28_clion/armbuilder/bin/../lib/gcc/arm-none-eabi/5.4.1/armv7-m/crtbegin.o

.igot.plt       0x200000d8        0x0 load address 0x0800e968
 .igot.plt      0x200000d8        0x0 e:/28_clion/armbuilder/bin/../lib/gcc/arm-none-eabi/5.4.1/armv7-m/crtbegin.o
                0x200000d8                . = ALIGN (0x4)

.bss            0x200000d8     0x1610 load address 0x0800e968
                0x200000d8                _sbss = .
                0x200000d8                __bss_start__ = _sbss
 *(.bss)
 .bss           0x200000d8       0x1c e:/28_clion/armbuilder/bin/../lib/gcc/arm-none-eabi/5.4.1/armv7-m/crtbegin.o
 *(.bss*)
 .bss.fac_us    0x200000f4        0x2 CMakeFiles/0_Usart.elf.dir/BSP/bsp_delay.c.obj
 *fill*         0x200000f6        0x2 
 .bss.fac_ms    0x200000f8        0x4 CMakeFiles/0_Usart.elf.dir/BSP/bsp_delay.c.obj
 .bss.dmp       0x200000fc       0x10 CMakeFiles/0_Usart.elf.dir/BSP/bsp_inv_mpu_dmp_motion_driver.c.obj
 .bss.angle     0x2000010c        0x4 CMakeFiles/0_Usart.elf.dir/BSP/dsp_filter.c.obj
                0x2000010c                angle
 .bss.angle_dot
                0x20000110        0x4 CMakeFiles/0_Usart.elf.dir/BSP/dsp_filter.c.obj
                0x20000110                angle_dot
 .bss.Q_bias    0x20000114        0x4 CMakeFiles/0_Usart.elf.dir/BSP/dsp_filter.c.obj
                0x20000114                Q_bias
 .bss.Angle_err
                0x20000118        0x4 CMakeFiles/0_Usart.elf.dir/BSP/dsp_filter.c.obj
                0x20000118                Angle_err
 .bss.PCt_0     0x2000011c        0x4 CMakeFiles/0_Usart.elf.dir/BSP/dsp_filter.c.obj
                0x2000011c                PCt_0
 .bss.PCt_1     0x20000120        0x4 CMakeFiles/0_Usart.elf.dir/BSP/dsp_filter.c.obj
                0x20000120                PCt_1
 .bss.E         0x20000124        0x4 CMakeFiles/0_Usart.elf.dir/BSP/dsp_filter.c.obj
                0x20000124                E
 .bss.K_0       0x20000128        0x4 CMakeFiles/0_Usart.elf.dir/BSP/dsp_filter.c.obj
                0x20000128                K_0
 .bss.K_1       0x2000012c        0x4 CMakeFiles/0_Usart.elf.dir/BSP/dsp_filter.c.obj
                0x2000012c                K_1
 .bss.t_0       0x20000130        0x4 CMakeFiles/0_Usart.elf.dir/BSP/dsp_filter.c.obj
                0x20000130                t_0
 .bss.t_1       0x20000134        0x4 CMakeFiles/0_Usart.elf.dir/BSP/dsp_filter.c.obj
                0x20000134                t_1
 .bss.Pdot      0x20000138       0x10 CMakeFiles/0_Usart.elf.dir/BSP/dsp_filter.c.obj
                0x20000138                Pdot
 .bss.hadc1     0x20000148       0x30 CMakeFiles/0_Usart.elf.dir/Core/Src/adc.c.obj
                0x20000148                hadc1
 .bss.htim1     0x20000178       0x48 CMakeFiles/0_Usart.elf.dir/Core/Src/freertos.c.obj
                0x20000178                htim1
 .bss.htim2     0x200001c0       0x48 CMakeFiles/0_Usart.elf.dir/Core/Src/freertos.c.obj
                0x200001c0                htim2
 .bss.htim4     0x20000208       0x48 CMakeFiles/0_Usart.elf.dir/Core/Src/freertos.c.obj
                0x20000208                htim4
 .bss.huart1    0x20000250       0x40 CMakeFiles/0_Usart.elf.dir/Core/Src/freertos.c.obj
                0x20000250                huart1
 .bss.msg_buff  0x20000290      0x400 CMakeFiles/0_Usart.elf.dir/Core/Src/freertos.c.obj
                0x20000290                msg_buff
 .bss.flag      0x20000690        0x4 CMakeFiles/0_Usart.elf.dir/Core/Src/freertos.c.obj
 .bss.Angle_Balance
                0x20000694        0x4 CMakeFiles/0_Usart.elf.dir/Core/Src/freertos.c.obj
                0x20000694                Angle_Balance
 .bss.Gyro_Balance
                0x20000698        0x4 CMakeFiles/0_Usart.elf.dir/Core/Src/freertos.c.obj
                0x20000698                Gyro_Balance
 .bss.Gyro_Turn
                0x2000069c        0x4 CMakeFiles/0_Usart.elf.dir/Core/Src/freertos.c.obj
                0x2000069c                Gyro_Turn
 .bss.Acceleration_Z
                0x200006a0        0x4 CMakeFiles/0_Usart.elf.dir/Core/Src/freertos.c.obj
                0x200006a0                Acceleration_Z
 .bss.angleX    0x200006a4        0x4 CMakeFiles/0_Usart.elf.dir/Core/Src/freertos.c.obj
                0x200006a4                angleX
 .bss.Gyro_X    0x200006a8        0x4 CMakeFiles/0_Usart.elf.dir/Core/Src/freertos.c.obj
                0x200006a8                Gyro_X
 .bss.VehSpd_Left
                0x200006ac        0x4 CMakeFiles/0_Usart.elf.dir/Core/Src/freertos.c.obj
                0x200006ac                VehSpd_Left
 .bss.VehSpd_Right
                0x200006b0        0x4 CMakeFiles/0_Usart.elf.dir/Core/Src/freertos.c.obj
                0x200006b0                VehSpd_Right
 .bss.Moto1     0x200006b4        0x4 CMakeFiles/0_Usart.elf.dir/Core/Src/freertos.c.obj
                0x200006b4                Moto1
 .bss.Moto2     0x200006b8        0x4 CMakeFiles/0_Usart.elf.dir/Core/Src/freertos.c.obj
                0x200006b8                Moto2
 .bss.Balance_Pwm
                0x200006bc        0x4 CMakeFiles/0_Usart.elf.dir/Core/Src/freertos.c.obj
                0x200006bc                Balance_Pwm
 .bss.Velocity_Pwm
                0x200006c0        0x4 CMakeFiles/0_Usart.elf.dir/Core/Src/freertos.c.obj
                0x200006c0                Velocity_Pwm
 .bss.enc1      0x200006c4        0x4 CMakeFiles/0_Usart.elf.dir/Core/Src/freertos.c.obj
                0x200006c4                enc1
 .bss.enc2      0x200006c8        0x4 CMakeFiles/0_Usart.elf.dir/Core/Src/freertos.c.obj
                0x200006c8                enc2
 .bss.Task_50msHandle
                0x200006cc        0x4 CMakeFiles/0_Usart.elf.dir/Core/Src/freertos.c.obj
                0x200006cc                Task_50msHandle
 .bss.Task_5msHandle
                0x200006d0        0x4 CMakeFiles/0_Usart.elf.dir/Core/Src/freertos.c.obj
                0x200006d0                Task_5msHandle
 .bss.myBinarySem01Handle
                0x200006d4        0x4 CMakeFiles/0_Usart.elf.dir/Core/Src/freertos.c.obj
                0x200006d4                myBinarySem01Handle
 .bss.xIdleTaskTCBBuffer
                0x200006d8       0x54 CMakeFiles/0_Usart.elf.dir/Core/Src/freertos.c.obj
 .bss.xIdleStack
                0x2000072c      0x200 CMakeFiles/0_Usart.elf.dir/Core/Src/freertos.c.obj
 .bss.Encoder_Least.9701
                0x2000092c        0x4 CMakeFiles/0_Usart.elf.dir/Core/Src/freertos.c.obj
 .bss.Encoder.9702
                0x20000930        0x4 CMakeFiles/0_Usart.elf.dir/Core/Src/freertos.c.obj
 .bss.Encoder_Integral.9704
                0x20000934        0x4 CMakeFiles/0_Usart.elf.dir/Core/Src/freertos.c.obj
 .bss.Velocity.9700
                0x20000938        0x4 CMakeFiles/0_Usart.elf.dir/Core/Src/freertos.c.obj
 .bss.gHuart    0x2000093c        0x4 CMakeFiles/0_Usart.elf.dir/Core/Src/retarget.c.obj
                0x2000093c                gHuart
 .bss.htim3     0x20000940       0x48 CMakeFiles/0_Usart.elf.dir/Core/Src/stm32f1xx_hal_timebase_tim.c.obj
                0x20000940                htim3
 .bss.heap_end.5904
                0x20000988        0x4 CMakeFiles/0_Usart.elf.dir/Core/Src/syscalls.c.obj
 .bss.uwTick    0x2000098c        0x4 CMakeFiles/0_Usart.elf.dir/Drivers/STM32F1xx_HAL_Driver/Src/stm32f1xx_hal.c.obj
                0x2000098c                uwTick
 .bss.ucMaxSysCallPriority
                0x20000990        0x1 CMakeFiles/0_Usart.elf.dir/Middlewares/Third_Party/FreeRTOS/Source/portable/GCC/ARM_CM3/port.c.obj
 *fill*         0x20000991        0x3 
 .bss.ulMaxPRIGROUPValue
                0x20000994        0x4 CMakeFiles/0_Usart.elf.dir/Middlewares/Third_Party/FreeRTOS/Source/portable/GCC/ARM_CM3/port.c.obj
 .bss.ucHeap    0x20000998      0xc00 CMakeFiles/0_Usart.elf.dir/Middlewares/Third_Party/FreeRTOS/Source/portable/MemMang/heap_4.c.obj
 .bss.xStart    0x20001598        0x8 CMakeFiles/0_Usart.elf.dir/Middlewares/Third_Party/FreeRTOS/Source/portable/MemMang/heap_4.c.obj
 .bss.pxEnd     0x200015a0        0x4 CMakeFiles/0_Usart.elf.dir/Middlewares/Third_Party/FreeRTOS/Source/portable/MemMang/heap_4.c.obj
 .bss.xFreeBytesRemaining
                0x200015a4        0x4 CMakeFiles/0_Usart.elf.dir/Middlewares/Third_Party/FreeRTOS/Source/portable/MemMang/heap_4.c.obj
 .bss.xMinimumEverFreeBytesRemaining
                0x200015a8        0x4 CMakeFiles/0_Usart.elf.dir/Middlewares/Third_Party/FreeRTOS/Source/portable/MemMang/heap_4.c.obj
 .bss.xBlockAllocatedBit
                0x200015ac        0x4 CMakeFiles/0_Usart.elf.dir/Middlewares/Third_Party/FreeRTOS/Source/portable/MemMang/heap_4.c.obj
 .bss.pxCurrentTCB
                0x200015b0        0x4 CMakeFiles/0_Usart.elf.dir/Middlewares/Third_Party/FreeRTOS/Source/tasks.c.obj
                0x200015b0                pxCurrentTCB
 .bss.pxReadyTasksLists
                0x200015b4       0x8c CMakeFiles/0_Usart.elf.dir/Middlewares/Third_Party/FreeRTOS/Source/tasks.c.obj
 .bss.xDelayedTaskList1
                0x20001640       0x14 CMakeFiles/0_Usart.elf.dir/Middlewares/Third_Party/FreeRTOS/Source/tasks.c.obj
 .bss.xDelayedTaskList2
                0x20001654       0x14 CMakeFiles/0_Usart.elf.dir/Middlewares/Third_Party/FreeRTOS/Source/tasks.c.obj
 .bss.pxDelayedTaskList
                0x20001668        0x4 CMakeFiles/0_Usart.elf.dir/Middlewares/Third_Party/FreeRTOS/Source/tasks.c.obj
 .bss.pxOverflowDelayedTaskList
                0x2000166c        0x4 CMakeFiles/0_Usart.elf.dir/Middlewares/Third_Party/FreeRTOS/Source/tasks.c.obj
 .bss.xPendingReadyList
                0x20001670       0x14 CMakeFiles/0_Usart.elf.dir/Middlewares/Third_Party/FreeRTOS/Source/tasks.c.obj
 .bss.xTasksWaitingTermination
                0x20001684       0x14 CMakeFiles/0_Usart.elf.dir/Middlewares/Third_Party/FreeRTOS/Source/tasks.c.obj
 .bss.uxDeletedTasksWaitingCleanUp
                0x20001698        0x4 CMakeFiles/0_Usart.elf.dir/Middlewares/Third_Party/FreeRTOS/Source/tasks.c.obj
 .bss.xSuspendedTaskList
                0x2000169c       0x14 CMakeFiles/0_Usart.elf.dir/Middlewares/Third_Party/FreeRTOS/Source/tasks.c.obj
 .bss.uxCurrentNumberOfTasks
                0x200016b0        0x4 CMakeFiles/0_Usart.elf.dir/Middlewares/Third_Party/FreeRTOS/Source/tasks.c.obj
 .bss.xTickCount
                0x200016b4        0x4 CMakeFiles/0_Usart.elf.dir/Middlewares/Third_Party/FreeRTOS/Source/tasks.c.obj
 .bss.uxTopReadyPriority
                0x200016b8        0x4 CMakeFiles/0_Usart.elf.dir/Middlewares/Third_Party/FreeRTOS/Source/tasks.c.obj
 .bss.xSchedulerRunning
                0x200016bc        0x4 CMakeFiles/0_Usart.elf.dir/Middlewares/Third_Party/FreeRTOS/Source/tasks.c.obj
 .bss.uxPendedTicks
                0x200016c0        0x4 CMakeFiles/0_Usart.elf.dir/Middlewares/Third_Party/FreeRTOS/Source/tasks.c.obj
 .bss.xYieldPending
                0x200016c4        0x4 CMakeFiles/0_Usart.elf.dir/Middlewares/Third_Party/FreeRTOS/Source/tasks.c.obj
 .bss.xNumOfOverflows
                0x200016c8        0x4 CMakeFiles/0_Usart.elf.dir/Middlewares/Third_Party/FreeRTOS/Source/tasks.c.obj
 .bss.uxTaskNumber
                0x200016cc        0x4 CMakeFiles/0_Usart.elf.dir/Middlewares/Third_Party/FreeRTOS/Source/tasks.c.obj
 .bss.xNextTaskUnblockTime
                0x200016d0        0x4 CMakeFiles/0_Usart.elf.dir/Middlewares/Third_Party/FreeRTOS/Source/tasks.c.obj
 .bss.xIdleTaskHandle
                0x200016d4        0x4 CMakeFiles/0_Usart.elf.dir/Middlewares/Third_Party/FreeRTOS/Source/tasks.c.obj
 .bss.uxSchedulerSuspended
                0x200016d8        0x4 CMakeFiles/0_Usart.elf.dir/Middlewares/Third_Party/FreeRTOS/Source/tasks.c.obj
 .bss.__malloc_sbrk_start
                0x200016dc        0x4 e:/28_clion/armbuilder/bin/../lib/gcc/arm-none-eabi/5.4.1/../../../../arm-none-eabi/lib/armv7-m\libg_nano.a(lib_a-nano-mallocr.o)
                0x200016dc                __malloc_sbrk_start
 .bss.__malloc_free_list
                0x200016e0        0x4 e:/28_clion/armbuilder/bin/../lib/gcc/arm-none-eabi/5.4.1/../../../../arm-none-eabi/lib/armv7-m\libg_nano.a(lib_a-nano-mallocr.o)
                0x200016e0                __malloc_free_list
 *(COMMON)
 COMMON         0x200016e4        0x4 e:/28_clion/armbuilder/bin/../lib/gcc/arm-none-eabi/5.4.1/../../../../arm-none-eabi/lib/armv7-m\libg_nano.a(lib_a-reent.o)
                0x200016e4                errno
                0x200016e8                . = ALIGN (0x4)
                0x200016e8                _ebss = .
                0x200016e8                __bss_end__ = _ebss

._user_heap_stack
                0x200016e8      0x600 load address 0x0800e968
                0x200016e8                . = ALIGN (0x8)
                0x200016e8                PROVIDE (end, .)
                [!provide]                PROVIDE (_end, .)
                0x200018e8                . = (. + _Min_Heap_Size)
 *fill*         0x200016e8      0x200 
                0x20001ce8                . = (. + _Min_Stack_Size)
 *fill*         0x200018e8      0x400 
                0x20001ce8                . = ALIGN (0x8)

/DISCARD/
 libc.a(*)
 libm.a(*)
 libgcc.a(*)

.ARM.attributes
                0x00000000       0x29
 *(.ARM.attributes)
 .ARM.attributes
                0x00000000       0x1d e:/28_clion/armbuilder/bin/../lib/gcc/arm-none-eabi/5.4.1/armv7-m/crti.o
 .ARM.attributes
                0x0000001d       0x2d e:/28_clion/armbuilder/bin/../lib/gcc/arm-none-eabi/5.4.1/armv7-m/crtbegin.o
 .ARM.attributes